Original: hello-世界
Decoded:  hello-世界
Match:    true
Rendered matrix:
#######.......#######
#########.....#######
#######...##.########
#######.##....#######
#######.#.#.#########
########...##.#######
########.##...#######
#..####.##.#..####.##
..#.###...#..#.##.###
..##...##.#.#..####..
#....###.............
.....................
.....................
.....................
#######..............
#######..............
#######..............
#######..............
#######..............
#######..............
#######..............
