===== BEGIN @ 20260913_120227 =====
[INFO] Project dir:        /home/zhaorz/project/CodeWM/CodeWM_ProWES_Logits/reproduct/units/p01_snake_game/cpp/attempts/0051_seed_666643921/p01_snake_game_cpp/p01_snake_game_cpp
[INFO] Container name:    CodeWM-DT
[INFO] In-container dir:  /workspace/proj_20260913_120227
[INFO] Output dir:        /home/zhaorz/project/CodeWM/CodeWM_ProWES_Logits/reproduct/units/p01_snake_game/cpp/attempts/0051_seed_666643921/p01_snake_game_cpp/p01_snake_game_cpp/DTResults/out_20260913_120227
[INFO] Wrapper log:       /home/zhaorz/project/CodeWM/CodeWM_ProWES_Logits/reproduct/units/p01_snake_game/cpp/attempts/0051_seed_666643921/p01_snake_game_cpp/p01_snake_game_cpp/DTResults/out_20260913_120227/host_wrapper_20260913_120227.log
[INFO] Time limit:        300s (kill-after 5s)
[INFO] Install limit:     300s
[INFO] Build limit:       300s
[INFO] Test limit:        30s
[INFO] Run check:         5s (kill-after 2s)
[INFO] Runtime output thresholds: bytes=262144, lines=200, same_line=30, consecutive_same_line=10
[INFO] CPU busy check:    1
[INFO] Hard eval timeout: 420s (kill-after 10s)
[INFO] HTTP_PROXY:        http://127.0.0.1:7890
[INFO] HTTPS_PROXY:       http://127.0.0.1:7890
[INFO] NO_PROXY:          127.0.0.1,::1,localhost
[INFO] PIP_INDEX_URL:     <empty>
[INFO] ENABLE_MAVEN_PROXY_CONFIG: 1
[INFO] MAVEN_PROXY_HTTP:  192.168.129.183:7897
[INFO] MAVEN_PROXY_HTTPS: 192.168.129.183:7897

[INFO] Xvfb is ready in container 'CodeWM-DT'.
>>> Copy project into container: /home/zhaorz/project/CodeWM/CodeWM_ProWES_Logits/reproduct/units/p01_snake_game/cpp/attempts/0051_seed_666643921/p01_snake_game_cpp/p01_snake_game_cpp -> CodeWM-DT:/workspace/proj_20260913_120227
>>> Write Maven proxy config to container
>>> Run evaluator in container
[INFO] Detected protocol: cpp
>>> Protocol detected: C++
>>> Configuring CMake project
[INFO] Build timeout limit: 300s (kill-after 5s)
-- The C compiler identification is GNU 11.4.0
-- The CXX compiler identification is GNU 11.4.0
-- Detecting C compiler ABI info
-- Detecting C compiler ABI info - done
-- Check for working C compiler: /usr/bin/gcc - skipped
-- Detecting C compile features
-- Detecting C compile features - done
-- Detecting CXX compiler ABI info
-- Detecting CXX compiler ABI info - done
-- Check for working CXX compiler: /usr/bin/g++ - skipped
-- Detecting CXX compile features
-- Detecting CXX compile features - done
-- Configuring done
-- Generating done
-- Build files have been written to: /workspace/proj_20260913_120227/build
>>> Building C++ project
[INFO] Build timeout limit: 300s (kill-after 5s)
[ 22%] Building CXX object CMakeFiles/snake_core.dir/src/Snake.cpp.o
[ 22%] Building CXX object CMakeFiles/snake_core.dir/src/Random.cpp.o
[ 33%] Building CXX object CMakeFiles/snake_core.dir/src/Board.cpp.o
[ 44%] Building CXX object CMakeFiles/snake_core.dir/src/Game.cpp.o
[ 55%] Linking CXX static library libsnake_core.a
[ 55%] Built target snake_core
[ 66%] Building CXX object CMakeFiles/snake_tests.dir/tests/test_main.cpp.o
[ 77%] Building CXX object CMakeFiles/snake_runtime.dir/src/Main.cpp.o
[ 88%] Linking CXX executable snake_tests
[100%] Linking CXX executable snake_runtime
[100%] Built target snake_tests
[100%] Built target snake_runtime
>>> Running CTest
[INFO] Test timeout limit: 30s (kill-after 5s)
Internal ctest changing into directory: /workspace/proj_20260913_120227/build
Test project /workspace/proj_20260913_120227/build
    Start 1: snake_test
1/1 Test #1: snake_test .......................   Passed    0.00 sec

100% tests passed, 0 tests failed out of 1

Total Test time (real) =   0.00 sec
>>> Packaging C++ runnable binary
>>> C++ packaged artifact:
-rwxr-xr-x 1 root root 38776 Sep 13 12:02 /workspace/proj_20260913_120227/DTResults/artifacts/proj_20260913_120227
>>> Running packaged artifact smart runtime check (5s)
[INFO] Runtime command: '/workspace/proj_20260913_120227/DTResults/artifacts/proj_20260913_120227'
[INFO] Runtime output is captured in: /workspace/proj_20260913_120227/DTResults/runtime/cpp.log
[INFO] Runtime thresholds: max_bytes=262144, max_lines=200, max_same_line=30, max_consecutive_same_line=10, cpu_busy_check=1
[INFO] Packaged artifact exited normally during runtime check.
[INFO] Runtime log sample follows: /workspace/proj_20260913_120227/DTResults/runtime/cpp.log
----- BEGIN runtime log tail (40 lines) -----
Initial state:
Score: 0
Food: (6, 3)

After tick 1:
Score: 0
Food: (6, 3)
Game Over: No

After tick 2:
Score: 0
Food: (6, 3)
Game Over: No

After tick 3:
Score: 0
Food: (6, 3)
Game Over: No

After tick 4:
Score: 0
Food: (6, 3)
Game Over: No

After tick 5:
Score: 0
Food: (6, 3)
Game Over: Yes
----- END runtime log tail -----
[RUNTIME_STATUS] {"phase":"runtime_check","status":"success","reason":"normal_exit","exit_code":0,"output_bytes":293,"output_lines":28,"max_same_line":6,"max_consecutive_same_line":1,"cpu_busy_samples":0}
[INFO] Evaluation, packaging, and smart runtime check finished successfully.
[INFO] Packaged artifacts are stored in: /workspace/proj_20260913_120227/DTResults/artifacts
>>> Cleanup possible leftover processes in container
[INFO] No leftover project-scoped processes found.
>>> Copy evaluation results back to host

===== DONE =====
Artifacts in: /home/zhaorz/project/CodeWM/CodeWM_ProWES_Logits/reproduct/units/p01_snake_game/cpp/attempts/0051_seed_666643921/p01_snake_game_cpp/p01_snake_game_cpp/DTResults/out_20260913_120227
Packaged runnable artifacts should be under: /home/zhaorz/project/CodeWM/CodeWM_ProWES_Logits/reproduct/units/p01_snake_game/cpp/attempts/0051_seed_666643921/p01_snake_game_cpp/p01_snake_game_cpp/DTResults/out_20260913_120227/artifacts
Container evaluation log should be under: /home/zhaorz/project/CodeWM/CodeWM_ProWES_Logits/reproduct/units/p01_snake_game/cpp/attempts/0051_seed_666643921/p01_snake_game_cpp/p01_snake_game_cpp/DTResults/out_20260913_120227/evaluation.log
Wrapper log : /home/zhaorz/project/CodeWM/CodeWM_ProWES_Logits/reproduct/units/p01_snake_game/cpp/attempts/0051_seed_666643921/p01_snake_game_cpp/p01_snake_game_cpp/DTResults/out_20260913_120227/host_wrapper_20260913_120227.log
