[INFO 2026-09-15 07:44:48,054]: Namespace(epochs=25, seed=42, method='srcmarker', device='cuda', preprocess_workers=8, max_train_samples=None, max_valid_samples=None, max_test_samples=None, dataset='csn_java', lang='java', dataset_dir='./datasets/csn_java', log_prefix='fresh_rq2', n_bits=4, style_only=False, var_only=False, var_nomask=False, varmask_prob=0.5, batch_size=64, wv=0.5, wt=0.5, model_arch='gru', scheduler=False, shared_encoder=True, var_transform_mode='replace')
[INFO 2026-09-15 07:44:48,124]: Device: cuda
[INFO 2026-09-15 07:44:48,126]: Processing original dataset
[INFO 2026-09-15 07:46:50,439]: Vocab size: 126187
[INFO 2026-09-15 07:46:50,439]: Train size: 157858
[INFO 2026-09-15 07:46:50,439]: Test size: 10535
[INFO 2026-09-15 07:47:00,631]: Method: srcmarker
[INFO 2026-09-15 07:47:00,631]: Transform capacity: 4096
[INFO 2026-09-15 07:47:00,631]: Constructing dataloaders and models
[INFO 2026-09-15 07:47:00,632]: Using gru
[INFO 2026-09-15 07:47:01,394]: learning rate: 0.001
[INFO 2026-09-15 07:47:02,324]: approximator arch: ConcatApproximator
[INFO 2026-09-15 07:47:02,814]: Starting training loop
[INFO 2026-09-15 07:47:02,814]: w_var: 0.5, w_style: 0.5
[INFO 2026-09-15 07:47:02,815]: var mask enabled: True
[INFO 2026-09-15 08:08:49,899]: | train | epoch:   0 | acc: 0.9692 | real_acc: 0.9053 | loss: 0.2759 | warp_loss: 0.0194 | decode_loss: 0.0730 |
[INFO 2026-09-15 08:09:16,402]: | valid | epoch:   0 | oracle_acc: 0.9956 | actual_acc: 0.9331 | loss: 0.1345 | warp_loss: 0.0034 | msg_acc: 0.8097 |
[INFO 2026-09-15 08:09:18,498]: | best model saved at 0 epoch |
[INFO 2026-09-15 08:10:15,380]: | test  | epoch:   0 | oracle_acc: 0.9962 | actual_acc: 0.9385 | loss: 0.1253 | warp_loss: 0.0034 | msg_acc: 0.8227 |
[INFO 2026-09-15 08:32:48,781]: | train | epoch:   1 | acc: 0.9950 | real_acc: 0.9541 | loss: 0.1227 | warp_loss: 0.0079 | decode_loss: 0.0198 |
[INFO 2026-09-15 08:33:14,995]: | valid | epoch:   1 | oracle_acc: 0.9963 | actual_acc: 0.9556 | loss: 0.0883 | warp_loss: 0.0021 | msg_acc: 0.8812 |
[INFO 2026-09-15 08:33:17,830]: | best model saved at 1 epoch |
[INFO 2026-09-15 08:34:14,530]: | test  | epoch:   1 | oracle_acc: 0.9965 | actual_acc: 0.9607 | loss: 0.0837 | warp_loss: 0.0021 | msg_acc: 0.8884 |
[INFO 2026-09-15 08:54:53,110]: | train | epoch:   2 | acc: 0.9955 | real_acc: 0.9589 | loss: 0.1093 | warp_loss: 0.0058 | decode_loss: 0.0182 |
[INFO 2026-09-15 08:55:16,921]: | valid | epoch:   2 | oracle_acc: 0.9965 | actual_acc: 0.9613 | loss: 0.0775 | warp_loss: 0.0017 | msg_acc: 0.8945 |
[INFO 2026-09-15 08:55:19,442]: | best model saved at 2 epoch |
[INFO 2026-09-15 08:56:15,888]: | test  | epoch:   2 | oracle_acc: 0.9965 | actual_acc: 0.9633 | loss: 0.0794 | warp_loss: 0.0017 | msg_acc: 0.8941 |
[INFO 2026-09-15 09:18:32,039]: | train | epoch:   3 | acc: 0.9958 | real_acc: 0.9594 | loss: 0.1030 | warp_loss: 0.0050 | decode_loss: 0.0175 |
[INFO 2026-09-15 09:18:57,926]: | valid | epoch:   3 | oracle_acc: 0.9946 | actual_acc: 0.9510 | loss: 0.0951 | warp_loss: 0.0014 | msg_acc: 0.8632 |
[INFO 2026-09-15 09:19:58,929]: | test  | epoch:   3 | oracle_acc: 0.9951 | actual_acc: 0.9561 | loss: 0.0856 | warp_loss: 0.0014 | msg_acc: 0.8717 |
[INFO 2026-09-15 09:42:26,927]: | train | epoch:   4 | acc: 0.9957 | real_acc: 0.9576 | loss: 0.1033 | warp_loss: 0.0045 | decode_loss: 0.0169 |
[INFO 2026-09-15 09:42:54,078]: | valid | epoch:   4 | oracle_acc: 0.9969 | actual_acc: 0.9512 | loss: 0.0997 | warp_loss: 0.0014 | msg_acc: 0.8690 |
[INFO 2026-09-15 09:43:56,573]: | test  | epoch:   4 | oracle_acc: 0.9961 | actual_acc: 0.9586 | loss: 0.0941 | warp_loss: 0.0014 | msg_acc: 0.8787 |
[INFO 2026-09-15 10:06:18,217]: | train | epoch:   5 | acc: 0.9964 | real_acc: 0.9660 | loss: 0.0902 | warp_loss: 0.0043 | decode_loss: 0.0154 |
[INFO 2026-09-15 10:06:44,804]: | valid | epoch:   5 | oracle_acc: 0.9977 | actual_acc: 0.9618 | loss: 0.0778 | warp_loss: 0.0014 | msg_acc: 0.8879 |
[INFO 2026-09-15 10:06:47,677]: | best model saved at 5 epoch |
[INFO 2026-09-15 10:07:50,236]: | test  | epoch:   5 | oracle_acc: 0.9980 | actual_acc: 0.9655 | loss: 0.0752 | warp_loss: 0.0014 | msg_acc: 0.8928 |
[INFO 2026-09-15 10:30:12,791]: | train | epoch:   6 | acc: 0.9963 | real_acc: 0.9639 | loss: 0.0931 | warp_loss: 0.0040 | decode_loss: 0.0157 |
[INFO 2026-09-15 10:30:38,176]: | valid | epoch:   6 | oracle_acc: 0.9955 | actual_acc: 0.9642 | loss: 0.0785 | warp_loss: 0.0011 | msg_acc: 0.8992 |
[INFO 2026-09-15 10:30:40,839]: | best model saved at 6 epoch |
[INFO 2026-09-15 10:31:42,609]: | test  | epoch:   6 | oracle_acc: 0.9955 | actual_acc: 0.9666 | loss: 0.0751 | warp_loss: 0.0011 | msg_acc: 0.9024 |
[INFO 2026-09-15 10:53:45,630]: | train | epoch:   7 | acc: 0.9958 | real_acc: 0.9621 | loss: 0.0992 | warp_loss: 0.0037 | decode_loss: 0.0178 |
[INFO 2026-09-15 10:54:09,842]: | valid | epoch:   7 | oracle_acc: 0.9958 | actual_acc: 0.9661 | loss: 0.0710 | warp_loss: 0.0011 | msg_acc: 0.9038 |
[INFO 2026-09-15 10:54:12,502]: | best model saved at 7 epoch |
[INFO 2026-09-15 10:55:19,117]: | test  | epoch:   7 | oracle_acc: 0.9961 | actual_acc: 0.9706 | loss: 0.0695 | warp_loss: 0.0010 | msg_acc: 0.9075 |
[INFO 2026-09-15 11:17:25,743]: | train | epoch:   8 | acc: 0.9952 | real_acc: 0.9605 | loss: 0.0989 | warp_loss: 0.0038 | decode_loss: 0.0186 |
[INFO 2026-09-15 11:17:52,608]: | valid | epoch:   8 | oracle_acc: 0.9960 | actual_acc: 0.9610 | loss: 0.0818 | warp_loss: 0.0013 | msg_acc: 0.8899 |
[INFO 2026-09-15 11:18:53,065]: | test  | epoch:   8 | oracle_acc: 0.9959 | actual_acc: 0.9650 | loss: 0.0798 | warp_loss: 0.0013 | msg_acc: 0.8976 |
[INFO 2026-09-15 11:39:48,334]: | train | epoch:   9 | acc: 0.9901 | real_acc: 0.9644 | loss: 0.1055 | warp_loss: 0.0043 | decode_loss: 0.0285 |
[INFO 2026-09-15 11:40:09,651]: | valid | epoch:   9 | oracle_acc: 0.9882 | actual_acc: 0.9607 | loss: 0.0856 | warp_loss: 0.0012 | msg_acc: 0.8800 |
[INFO 2026-09-15 11:40:58,902]: | test  | epoch:   9 | oracle_acc: 0.9876 | actual_acc: 0.9644 | loss: 0.0843 | warp_loss: 0.0012 | msg_acc: 0.8798 |
[INFO 2026-09-15 11:57:29,427]: | train | epoch:  10 | acc: 0.9893 | real_acc: 0.9639 | loss: 0.1044 | warp_loss: 0.0039 | decode_loss: 0.0284 |
[INFO 2026-09-15 11:57:50,866]: | valid | epoch:  10 | oracle_acc: 0.9944 | actual_acc: 0.9612 | loss: 0.0802 | warp_loss: 0.0010 | msg_acc: 0.8907 |
[INFO 2026-09-15 11:58:40,499]: | test  | epoch:  10 | oracle_acc: 0.9946 | actual_acc: 0.9654 | loss: 0.0758 | warp_loss: 0.0010 | msg_acc: 0.9016 |
[INFO 2026-09-15 12:14:53,799]: | train | epoch:  11 | acc: 0.9931 | real_acc: 0.9675 | loss: 0.0928 | warp_loss: 0.0038 | decode_loss: 0.0239 |
[INFO 2026-09-15 12:15:14,369]: | valid | epoch:  11 | oracle_acc: 0.9910 | actual_acc: 0.9554 | loss: 0.0908 | warp_loss: 0.0010 | msg_acc: 0.8769 |
[INFO 2026-09-15 12:16:01,820]: | test  | epoch:  11 | oracle_acc: 0.9907 | actual_acc: 0.9559 | loss: 0.0919 | warp_loss: 0.0011 | msg_acc: 0.8747 |
[INFO 2026-09-15 12:32:10,034]: | train | epoch:  12 | acc: 0.9915 | real_acc: 0.9644 | loss: 0.1018 | warp_loss: 0.0039 | decode_loss: 0.0273 |
[INFO 2026-09-15 12:32:30,510]: | valid | epoch:  12 | oracle_acc: 0.9963 | actual_acc: 0.9584 | loss: 0.0850 | warp_loss: 0.0010 | msg_acc: 0.8943 |
[INFO 2026-09-15 12:33:18,109]: | test  | epoch:  12 | oracle_acc: 0.9956 | actual_acc: 0.9639 | loss: 0.0802 | warp_loss: 0.0010 | msg_acc: 0.9006 |
[INFO 2026-09-15 12:49:23,619]: | train | epoch:  13 | acc: 0.9917 | real_acc: 0.9656 | loss: 0.1028 | warp_loss: 0.0037 | decode_loss: 0.0268 |
[INFO 2026-09-15 12:49:44,336]: | valid | epoch:  13 | oracle_acc: 0.9957 | actual_acc: 0.9636 | loss: 0.0719 | warp_loss: 0.0010 | msg_acc: 0.8988 |
[INFO 2026-09-15 12:50:32,294]: | test  | epoch:  13 | oracle_acc: 0.9953 | actual_acc: 0.9709 | loss: 0.0663 | warp_loss: 0.0010 | msg_acc: 0.9124 |
[INFO 2026-09-15 13:06:42,038]: | train | epoch:  14 | acc: 0.9921 | real_acc: 0.9718 | loss: 0.0904 | warp_loss: 0.0039 | decode_loss: 0.0281 |
[INFO 2026-09-15 13:07:02,978]: | valid | epoch:  14 | oracle_acc: 0.9965 | actual_acc: 0.9719 | loss: 0.0616 | warp_loss: 0.0011 | msg_acc: 0.9324 |
[INFO 2026-09-15 13:07:05,575]: | best model saved at 14 epoch |
[INFO 2026-09-15 13:07:54,453]: | test  | epoch:  14 | oracle_acc: 0.9965 | actual_acc: 0.9742 | loss: 0.0555 | warp_loss: 0.0011 | msg_acc: 0.9359 |
[INFO 2026-09-15 13:24:02,909]: | train | epoch:  15 | acc: 0.9947 | real_acc: 0.9631 | loss: 0.0967 | warp_loss: 0.0037 | decode_loss: 0.0209 |
[INFO 2026-09-15 13:24:29,344]: | valid | epoch:  15 | oracle_acc: 0.9966 | actual_acc: 0.9519 | loss: 0.0908 | warp_loss: 0.0010 | msg_acc: 0.8721 |
[INFO 2026-09-15 13:25:16,990]: | test  | epoch:  15 | oracle_acc: 0.9970 | actual_acc: 0.9593 | loss: 0.0834 | warp_loss: 0.0010 | msg_acc: 0.8838 |
[INFO 2026-09-15 13:41:17,275]: | train | epoch:  16 | acc: 0.9945 | real_acc: 0.9574 | loss: 0.1027 | warp_loss: 0.0032 | decode_loss: 0.0213 |
[INFO 2026-09-15 13:41:38,079]: | valid | epoch:  16 | oracle_acc: 0.9964 | actual_acc: 0.9423 | loss: 0.0992 | warp_loss: 0.0009 | msg_acc: 0.8478 |
[INFO 2026-09-15 13:42:31,570]: | test  | epoch:  16 | oracle_acc: 0.9968 | actual_acc: 0.9495 | loss: 0.0928 | warp_loss: 0.0009 | msg_acc: 0.8607 |
[INFO 2026-09-15 13:58:37,336]: | train | epoch:  17 | acc: 0.9914 | real_acc: 0.9515 | loss: 0.1222 | warp_loss: 0.0038 | decode_loss: 0.0285 |
[INFO 2026-09-15 13:58:58,756]: | valid | epoch:  17 | oracle_acc: 0.9927 | actual_acc: 0.9381 | loss: 0.1237 | warp_loss: 0.0012 | msg_acc: 0.8358 |
[INFO 2026-09-15 13:59:48,555]: | test  | epoch:  17 | oracle_acc: 0.9926 | actual_acc: 0.9451 | loss: 0.1145 | warp_loss: 0.0012 | msg_acc: 0.8517 |
[INFO 2026-09-15 14:16:45,291]: | train | epoch:  18 | acc: 0.9905 | real_acc: 0.9474 | loss: 0.1357 | warp_loss: 0.0044 | decode_loss: 0.0326 |
[INFO 2026-09-15 14:17:07,314]: | valid | epoch:  18 | oracle_acc: 0.9921 | actual_acc: 0.9529 | loss: 0.0933 | warp_loss: 0.0011 | msg_acc: 0.8702 |
[INFO 2026-09-15 14:17:57,305]: | test  | epoch:  18 | oracle_acc: 0.9934 | actual_acc: 0.9563 | loss: 0.0879 | warp_loss: 0.0011 | msg_acc: 0.8783 |
[INFO 2026-09-15 14:34:38,921]: | train | epoch:  19 | acc: 0.9856 | real_acc: 0.9565 | loss: 0.1363 | warp_loss: 0.0049 | decode_loss: 0.0427 |
[INFO 2026-09-15 14:35:00,784]: | valid | epoch:  19 | oracle_acc: 0.9905 | actual_acc: 0.9473 | loss: 0.1090 | warp_loss: 0.0013 | msg_acc: 0.8354 |
[INFO 2026-09-15 14:35:50,678]: | test  | epoch:  19 | oracle_acc: 0.9920 | actual_acc: 0.9547 | loss: 0.1008 | warp_loss: 0.0013 | msg_acc: 0.8497 |
[INFO 2026-09-15 14:52:08,414]: | train | epoch:  20 | acc: 0.9882 | real_acc: 0.9546 | loss: 0.1318 | warp_loss: 0.0041 | decode_loss: 0.0370 |
[INFO 2026-09-15 14:52:29,276]: | valid | epoch:  20 | oracle_acc: 0.9869 | actual_acc: 0.9389 | loss: 0.1177 | warp_loss: 0.0011 | msg_acc: 0.8269 |
[INFO 2026-09-15 14:53:17,505]: | test  | epoch:  20 | oracle_acc: 0.9883 | actual_acc: 0.9449 | loss: 0.1099 | warp_loss: 0.0011 | msg_acc: 0.8360 |
[INFO 2026-09-15 15:09:10,831]: | train | epoch:  21 | acc: 0.9894 | real_acc: 0.9527 | loss: 0.1331 | warp_loss: 0.0040 | decode_loss: 0.0351 |
[INFO 2026-09-15 15:09:31,149]: | valid | epoch:  21 | oracle_acc: 0.9920 | actual_acc: 0.9448 | loss: 0.1043 | warp_loss: 0.0010 | msg_acc: 0.8532 |
[INFO 2026-09-15 15:10:17,964]: | test  | epoch:  21 | oracle_acc: 0.9922 | actual_acc: 0.9520 | loss: 0.0945 | warp_loss: 0.0010 | msg_acc: 0.8680 |
[INFO 2026-09-15 15:26:07,638]: | train | epoch:  22 | acc: 0.9831 | real_acc: 0.9555 | loss: 0.1427 | warp_loss: 0.0042 | decode_loss: 0.0481 |
[INFO 2026-09-15 15:26:28,004]: | valid | epoch:  22 | oracle_acc: 0.9832 | actual_acc: 0.9500 | loss: 0.0944 | warp_loss: 0.0012 | msg_acc: 0.8557 |
[INFO 2026-09-15 15:27:15,047]: | test  | epoch:  22 | oracle_acc: 0.9839 | actual_acc: 0.9541 | loss: 0.0931 | warp_loss: 0.0012 | msg_acc: 0.8604 |
[INFO 2026-09-15 15:43:13,646]: | train | epoch:  23 | acc: 0.9819 | real_acc: 0.9492 | loss: 0.1525 | warp_loss: 0.0045 | decode_loss: 0.0482 |
[INFO 2026-09-15 15:43:34,257]: | valid | epoch:  23 | oracle_acc: 0.9868 | actual_acc: 0.9336 | loss: 0.1199 | warp_loss: 0.0012 | msg_acc: 0.8310 |
[INFO 2026-09-15 15:44:21,819]: | test  | epoch:  23 | oracle_acc: 0.9875 | actual_acc: 0.9470 | loss: 0.1059 | warp_loss: 0.0012 | msg_acc: 0.8573 |
[INFO 2026-09-15 16:00:36,758]: | train | epoch:  24 | acc: 0.9852 | real_acc: 0.9461 | loss: 0.1461 | warp_loss: 0.0043 | decode_loss: 0.0392 |
[INFO 2026-09-15 16:00:59,533]: | valid | epoch:  24 | oracle_acc: 0.9895 | actual_acc: 0.9492 | loss: 0.0982 | warp_loss: 0.0011 | msg_acc: 0.8583 |
[INFO 2026-09-15 16:01:54,920]: | test  | epoch:  24 | oracle_acc: 0.9903 | actual_acc: 0.9530 | loss: 0.1006 | warp_loss: 0.0011 | msg_acc: 0.8656 |
