===== BEGIN @ 20260913_123240 =====
[INFO] Project dir:        /home/zhaorz/project/CodeWM/CodeWM_ProWES_Logits/reproduct/units/p04_caro_game/cpp/attempts/0008_seed_3838723605/p04_caro_game_cpp/p04_caro_game_cpp
[INFO] Container name:    CodeWM-DT
[INFO] In-container dir:  /workspace/proj_20260913_123240
[INFO] Output dir:        /home/zhaorz/project/CodeWM/CodeWM_ProWES_Logits/reproduct/units/p04_caro_game/cpp/attempts/0008_seed_3838723605/p04_caro_game_cpp/p04_caro_game_cpp/DTResults/out_20260913_123240
[INFO] Wrapper log:       /home/zhaorz/project/CodeWM/CodeWM_ProWES_Logits/reproduct/units/p04_caro_game/cpp/attempts/0008_seed_3838723605/p04_caro_game_cpp/p04_caro_game_cpp/DTResults/out_20260913_123240/host_wrapper_20260913_123240.log
[INFO] Time limit:        300s (kill-after 5s)
[INFO] Install limit:     300s
[INFO] Build limit:       300s
[INFO] Test limit:        30s
[INFO] Run check:         5s (kill-after 2s)
[INFO] Runtime output thresholds: bytes=262144, lines=200, same_line=30, consecutive_same_line=10
[INFO] CPU busy check:    1
[INFO] Hard eval timeout: 420s (kill-after 10s)
[INFO] HTTP_PROXY:        http://127.0.0.1:7890
[INFO] HTTPS_PROXY:       http://127.0.0.1:7890
[INFO] NO_PROXY:          127.0.0.1,localhost,::1
[INFO] PIP_INDEX_URL:     <empty>
[INFO] ENABLE_MAVEN_PROXY_CONFIG: 1
[INFO] MAVEN_PROXY_HTTP:  192.168.129.183:7897
[INFO] MAVEN_PROXY_HTTPS: 192.168.129.183:7897

[INFO] Xvfb is ready in container 'CodeWM-DT'.
>>> Copy project into container: /home/zhaorz/project/CodeWM/CodeWM_ProWES_Logits/reproduct/units/p04_caro_game/cpp/attempts/0008_seed_3838723605/p04_caro_game_cpp/p04_caro_game_cpp -> CodeWM-DT:/workspace/proj_20260913_123240
>>> Write Maven proxy config to container
>>> Run evaluator in container
[INFO] Detected protocol: cpp
>>> Protocol detected: C++
>>> Configuring CMake project
[INFO] Build timeout limit: 300s (kill-after 5s)
-- The C compiler identification is GNU 11.4.0
-- The CXX compiler identification is GNU 11.4.0
-- Detecting C compiler ABI info
-- Detecting C compiler ABI info - done
-- Check for working C compiler: /usr/bin/gcc - skipped
-- Detecting C compile features
-- Detecting C compile features - done
-- Detecting CXX compiler ABI info
-- Detecting CXX compiler ABI info - done
-- Check for working CXX compiler: /usr/bin/g++ - skipped
-- Detecting CXX compile features
-- Detecting CXX compile features - done
-- Configuring done
-- Generating done
-- Build files have been written to: /workspace/proj_20260913_123240/build
>>> Building C++ project
[INFO] Build timeout limit: 300s (kill-after 5s)
[ 10%] Building CXX object CMakeFiles/fiveinarow_core.dir/src/MoveHistory.cpp.o
[ 20%] Building CXX object CMakeFiles/fiveinarow_core.dir/src/Board.cpp.o
[ 30%] Building CXX object CMakeFiles/fiveinarow_core.dir/src/WinDetector.cpp.o
[ 40%] Building CXX object CMakeFiles/fiveinarow_core.dir/src/GameEngine.cpp.o
[ 50%] Building CXX object CMakeFiles/fiveinarow_core.dir/src/Move.cpp.o
In file included from /workspace/proj_20260913_123240/src/Move.cpp:1:
/workspace/proj_20260913_123240/include/Move.h:12:5: error: ‘size_t’ does not name a type
   12 |     size_t row;    ///< Row index of the move
      |     ^~~~~~
/workspace/proj_20260913_123240/include/Move.h:5:1: note: ‘size_t’ is defined in header ‘<cstddef>’; did you forget to ‘#include <cstddef>’?
    4 | #include "Common.h"
  +++ |+#include <cstddef>
    5 | 
/workspace/proj_20260913_123240/include/Move.h:13:5: error: ‘size_t’ does not name a type
   13 |     size_t col;    ///< Column index of the move
      |     ^~~~~~
/workspace/proj_20260913_123240/include/Move.h:13:5: note: ‘size_t’ is defined in header ‘<cstddef>’; did you forget to ‘#include <cstddef>’?
/workspace/proj_20260913_123240/include/Move.h:22:16: error: expected ‘)’ before ‘r’
   22 |     Move(size_t r, size_t c, Player p);
      |         ~      ^~
      |                )
/workspace/proj_20260913_123240/src/Move.cpp:5:11: error: expected constructor, destructor, or type conversion before ‘(’ token
    5 | Move::Move(size_t r, size_t c, Player p) : row(r), col(c), player(p) {}
      |           ^
/workspace/proj_20260913_123240/src/Move.cpp: In member function ‘bool FiveInARow::Move::operator==(const FiveInARow::Move&) const’:
/workspace/proj_20260913_123240/src/Move.cpp:8:12: error: ‘row’ was not declared in this scope
    8 |     return row == other.row && col == other.col && player == other.player;
      |            ^~~
/workspace/proj_20260913_123240/src/Move.cpp:8:25: error: ‘const struct FiveInARow::Move’ has no member named ‘row’
    8 |     return row == other.row && col == other.col && player == other.player;
      |                         ^~~
/workspace/proj_20260913_123240/src/Move.cpp:8:32: error: ‘col’ was not declared in this scope
    8 |     return row == other.row && col == other.col && player == other.player;
      |                                ^~~
/workspace/proj_20260913_123240/src/Move.cpp:8:45: error: ‘const struct FiveInARow::Move’ has no member named ‘col’
    8 |     return row == other.row && col == other.col && player == other.player;
      |                                             ^~~
gmake[2]: *** [CMakeFiles/fiveinarow_core.dir/build.make:90: CMakeFiles/fiveinarow_core.dir/src/Move.cpp.o] Error 1
gmake[2]: *** Waiting for unfinished jobs....
In file included from /workspace/proj_20260913_123240/include/MoveHistory.h:5,
                 from /workspace/proj_20260913_123240/src/MoveHistory.cpp:1:
/workspace/proj_20260913_123240/include/Move.h:12:5: error: ‘size_t’ does not name a type
   12 |     size_t row;    ///< Row index of the move
      |     ^~~~~~
/workspace/proj_20260913_123240/include/Move.h:5:1: note: ‘size_t’ is defined in header ‘<cstddef>’; did you forget to ‘#include <cstddef>’?
    4 | #include "Common.h"
  +++ |+#include <cstddef>
    5 | 
/workspace/proj_20260913_123240/include/Move.h:13:5: error: ‘size_t’ does not name a type
   13 |     size_t col;    ///< Column index of the move
      |     ^~~~~~
/workspace/proj_20260913_123240/include/Move.h:13:5: note: ‘size_t’ is defined in header ‘<cstddef>’; did you forget to ‘#include <cstddef>’?
/workspace/proj_20260913_123240/include/Move.h:22:16: error: expected ‘)’ before ‘r’
   22 |     Move(size_t r, size_t c, Player p);
      |         ~      ^~
      |                )
In file included from /workspace/proj_20260913_123240/src/MoveHistory.cpp:1:
/workspace/proj_20260913_123240/include/MoveHistory.h:45:5: error: ‘size_t’ does not name a type
   45 |     size_t size() const noexcept;
      |     ^~~~~~
/workspace/proj_20260913_123240/include/MoveHistory.h:6:1: note: ‘size_t’ is defined in header ‘<cstddef>’; did you forget to ‘#include <cstddef>’?
    5 | #include "Move.h"
  +++ |+#include <cstddef>
    6 | 
/workspace/proj_20260913_123240/src/MoveHistory.cpp:26:1: error: ‘size_t’ does not name a type
   26 | size_t MoveHistory::size() const noexcept {
      | ^~~~~~
/workspace/proj_20260913_123240/src/MoveHistory.cpp:2:1: note: ‘size_t’ is defined in header ‘<cstddef>’; did you forget to ‘#include <cstddef>’?
    1 | #include "MoveHistory.h"
  +++ |+#include <cstddef>
    2 | 
gmake[2]: *** [CMakeFiles/fiveinarow_core.dir/build.make:104: CMakeFiles/fiveinarow_core.dir/src/MoveHistory.cpp.o] Error 1
In file included from /workspace/proj_20260913_123240/src/Board.cpp:1:
/workspace/proj_20260913_123240/include/Board.h:14:5: error: ‘size_t’ does not name a type
   14 |     size_t width_;
      |     ^~~~~~
/workspace/proj_20260913_123240/include/Board.h:6:1: note: ‘size_t’ is defined in header ‘<cstddef>’; did you forget to ‘#include <cstddef>’?
    5 | #include "Common.h"
  +++ |+#include <cstddef>
    6 | 
/workspace/proj_20260913_123240/include/Board.h:15:5: error: ‘size_t’ does not name a type
   15 |     size_t height_;
      |     ^~~~~~
/workspace/proj_20260913_123240/include/Board.h:15:5: note: ‘size_t’ is defined in header ‘<cstddef>’; did you forget to ‘#include <cstddef>’?
/workspace/proj_20260913_123240/include/Board.h:24:26: error: expected ‘)’ before ‘w’
   24 |     explicit Board(size_t w = 15, size_t h = 15);
      |                   ~      ^~
      |                          )
/workspace/proj_20260913_123240/include/Board.h:30:5: error: ‘size_t’ does not name a type
   30 |     size_t getWidth() const noexcept;
      |     ^~~~~~
/workspace/proj_20260913_123240/include/Board.h:30:5: note: ‘size_t’ is defined in header ‘<cstddef>’; did you forget to ‘#include <cstddef>’?
/workspace/proj_20260913_123240/include/Board.h:36:5: error: ‘size_t’ does not name a type
   36 |     size_t getHeight() const noexcept;
      |     ^~~~~~
/workspace/proj_20260913_123240/include/Board.h:36:5: note: ‘size_t’ is defined in header ‘<cstddef>’; did you forget to ‘#include <cstddef>’?
/workspace/proj_20260913_123240/include/Board.h:44:19: error: ‘size_t’ has not been declared
   44 |     bool inBounds(size_t r, size_t c) const noexcept;
      |                   ^~~~~~
/workspace/proj_20260913_123240/include/Board.h:44:29: error: ‘size_t’ has not been declared
   44 |     bool inBounds(size_t r, size_t c) const noexcept;
      |                             ^~~~~~
/workspace/proj_20260913_123240/include/Board.h:53:19: error: ‘size_t’ has not been declared
   53 |     CellState get(size_t r, size_t c) const;
      |                   ^~~~~~
/workspace/proj_20260913_123240/include/Board.h:53:29: error: ‘size_t’ has not been declared
   53 |     CellState get(size_t r, size_t c) const;
      |                             ^~~~~~
/workspace/proj_20260913_123240/include/Board.h:62:14: error: ‘size_t’ has not been declared
   62 |     bool set(size_t r, size_t c, CellState s);
      |              ^~~~~~
/workspace/proj_20260913_123240/include/Board.h:62:24: error: ‘size_t’ has not been declared
   62 |     bool set(size_t r, size_t c, CellState s);
      |                        ^~~~~~
In file included from /workspace/proj_20260913_123240/include/GameEngine.h:5,
                 from /workspace/proj_20260913_123240/src/GameEngine.cpp:1:
/workspace/proj_20260913_123240/include/Board.h:14:5: error: ‘size_t’ does not name a type
   14 |     size_t width_;
      |     ^~~~~~
/workspace/proj_20260913_123240/include/Board.h:6:1: note: ‘size_t’ is defined in header ‘<cstddef>’; did you forget to ‘#include <cstddef>’?
    5 | #include "Common.h"
  +++ |+#include <cstddef>
    6 | 
/workspace/proj_20260913_123240/include/Board.h:15:5: error: ‘size_t’ does not name a type
   15 |     size_t height_;
      |     ^~~~~~
/workspace/proj_20260913_123240/include/Board.h:15:5: note: ‘size_t’ is defined in header ‘<cstddef>’; did you forget to ‘#include <cstddef>’?
/workspace/proj_20260913_123240/include/Board.h:24:26: error: expected ‘)’ before ‘w’
   24 |     explicit Board(size_t w = 15, size_t h = 15);
      |                   ~      ^~
      |                          )
/workspace/proj_20260913_123240/include/Board.h:30:5: error: ‘size_t’ does not name a type
   30 |     size_t getWidth() const noexcept;
      |     ^~~~~~
/workspace/proj_20260913_123240/include/Board.h:30:5: note: ‘size_t’ is defined in header ‘<cstddef>’; did you forget to ‘#include <cstddef>’?
/workspace/proj_20260913_123240/include/Board.h:36:5: error: ‘size_t’ does not name a type
   36 |     size_t getHeight() const noexcept;
      |     ^~~~~~
/workspace/proj_20260913_123240/include/Board.h:36:5: note: ‘size_t’ is defined in header ‘<cstddef>’; did you forget to ‘#include <cstddef>’?
/workspace/proj_20260913_123240/include/Board.h:44:19: error: ‘size_t’ has not been declared
   44 |     bool inBounds(size_t r, size_t c) const noexcept;
      |                   ^~~~~~
/workspace/proj_20260913_123240/include/Board.h:44:29: error: ‘size_t’ has not been declared
   44 |     bool inBounds(size_t r, size_t c) const noexcept;
      |                             ^~~~~~
/workspace/proj_20260913_123240/include/Board.h:53:19: error: ‘size_t’ has not been declared
   53 |     CellState get(size_t r, size_t c) const;
      |                   ^~~~~~
/workspace/proj_20260913_123240/include/Board.h:53:29: error: ‘size_t’ has not been declared
   53 |     CellState get(size_t r, size_t c) const;
      |                             ^~~~~~
/workspace/proj_20260913_123240/include/Board.h:62:14: error: ‘size_t’ has not been declared
   62 |     bool set(size_t r, size_t c, CellState s);
      |              ^~~~~~
/workspace/proj_20260913_123240/include/Board.h:62:24: error: ‘size_t’ has not been declared
   62 |     bool set(size_t r, size_t c, CellState s);
      |                        ^~~~~~
In file included from /workspace/proj_20260913_123240/include/MoveHistory.h:5,
                 from /workspace/proj_20260913_123240/include/GameEngine.h:6,
                 from /workspace/proj_20260913_123240/src/GameEngine.cpp:1:
/workspace/proj_20260913_123240/include/Move.h:12:5: error: ‘size_t’ does not name a type
   12 |     size_t row;    ///< Row index of the move
      |     ^~~~~~
/workspace/proj_20260913_123240/include/Move.h:1:1: note: ‘size_t’ is defined in header ‘<cstddef>’; did you forget to ‘#include <cstddef>’?
  +++ |+#include <cstddef>
    1 | #ifndef MOVE_H
/workspace/proj_20260913_123240/include/Move.h:13:5: error: ‘size_t’ does not name a type
   13 |     size_t col;    ///< Column index of the move
      |     ^~~~~~
/workspace/proj_20260913_123240/include/Move.h:13:5: note: ‘size_t’ is defined in header ‘<cstddef>’; did you forget to ‘#include <cstddef>’?
/workspace/proj_20260913_123240/include/Move.h:22:16: error: expected ‘)’ before ‘r’
   22 |     Move(size_t r, size_t c, Player p);
      |         ~      ^~
      |                )
In file included from /workspace/proj_20260913_123240/include/GameEngine.h:6,
                 from /workspace/proj_20260913_123240/src/GameEngine.cpp:1:
/workspace/proj_20260913_123240/include/MoveHistory.h:45:5: error: ‘size_t’ does not name a type
   45 |     size_t size() const noexcept;
      |     ^~~~~~
/workspace/proj_20260913_123240/include/MoveHistory.h:6:1: note: ‘size_t’ is defined in header ‘<cstddef>’; did you forget to ‘#include <cstddef>’?
    5 | #include "Move.h"
  +++ |+#include <cstddef>
    6 | 
/workspace/proj_20260913_123240/src/Board.cpp:6:1: error: no declaration matches ‘FiveInARow::Board::Board(size_t, size_t)’
    6 | Board::Board(size_t w, size_t h) : width_(w), height_(h) {
      | ^~~~~
In file included from /workspace/proj_20260913_123240/src/Board.cpp:1:
/workspace/proj_20260913_123240/include/Board.h:12:7: note: candidates are: ‘FiveInARow::Board::Board(FiveInARow::Board&&)’
   12 | class Board {
      |       ^~~~~
/workspace/proj_20260913_123240/include/Board.h:12:7: note:                 ‘FiveInARow::Board::Board(const FiveInARow::Board&)’
/workspace/proj_20260913_123240/include/Board.h:12:7: note:                 ‘FiveInARow::Board::Board()’
/workspace/proj_20260913_123240/include/Board.h:12:7: note: ‘class FiveInARow::Board’ defined here
/workspace/proj_20260913_123240/src/Board.cpp:13:8: error: no declaration matches ‘size_t FiveInARow::Board::getWidth() const’
   13 | size_t Board::getWidth() const noexcept {
      |        ^~~~~
/workspace/proj_20260913_123240/src/Board.cpp:13:8: note: no functions named ‘size_t FiveInARow::Board::getWidth() const’
In file included from /workspace/proj_20260913_123240/src/Board.cpp:1:
/workspace/proj_20260913_123240/include/Board.h:12:7: note: ‘class FiveInARow::Board’ defined here
   12 | class Board {
      |       ^~~~~
/workspace/proj_20260913_123240/src/Board.cpp:17:8: error: no declaration matches ‘size_t FiveInARow::Board::getHeight() const’
   17 | size_t Board::getHeight() const noexcept {
      |        ^~~~~
/workspace/proj_20260913_123240/src/Board.cpp:17:8: note: no functions named ‘size_t FiveInARow::Board::getHeight() const’
In file included from /workspace/proj_20260913_123240/src/Board.cpp:1:
/workspace/proj_20260913_123240/include/Board.h:12:7: note: ‘class FiveInARow::Board’ defined here
   12 | class Board {
      |       ^~~~~
/workspace/proj_20260913_123240/src/Board.cpp:21:6: error: no declaration matches ‘bool FiveInARow::Board::inBounds(size_t, size_t) const’
   21 | bool Board::inBounds(size_t r, size_t c) const noexcept {
      |      ^~~~~
In file included from /workspace/proj_20260913_123240/src/Board.cpp:1:
/workspace/proj_20260913_123240/include/Board.h:44:10: note: candidate is: ‘bool FiveInARow::Board::inBounds(int, int) const’
   44 |     bool inBounds(size_t r, size_t c) const noexcept;
      |          ^~~~~~~~
/workspace/proj_20260913_123240/include/Board.h:12:7: note: ‘class FiveInARow::Board’ defined here
   12 | class Board {
      |       ^~~~~
/workspace/proj_20260913_123240/src/Board.cpp:25:11: error: no declaration matches ‘FiveInARow::CellState FiveInARow::Board::get(size_t, size_t) const’
   25 | CellState Board::get(size_t r, size_t c) const {
      |           ^~~~~
In file included from /workspace/proj_20260913_123240/src/Board.cpp:1:
/workspace/proj_20260913_123240/include/Board.h:53:15: note: candidate is: ‘FiveInARow::CellState FiveInARow::Board::get(int, int) const’
   53 |     CellState get(size_t r, size_t c) const;
      |               ^~~
/workspace/proj_20260913_123240/include/Board.h:12:7: note: ‘class FiveInARow::Board’ defined here
   12 | class Board {
      |       ^~~~~
/workspace/proj_20260913_123240/src/Board.cpp:32:6: error: no declaration matches ‘bool FiveInARow::Board::set(size_t, size_t, FiveInARow::CellState)’
   32 | bool Board::set(size_t r, size_t c, CellState s) {
      |      ^~~~~
In file included from /workspace/proj_20260913_123240/src/Board.cpp:1:
/workspace/proj_20260913_123240/include/Board.h:62:10: note: candidate is: ‘bool FiveInARow::Board::set(int, int, FiveInARow::CellState)’
   62 |     bool set(size_t r, size_t c, CellState s);
      |          ^~~
/workspace/proj_20260913_123240/include/Board.h:12:7: note: ‘class FiveInARow::Board’ defined here
   12 | class Board {
      |       ^~~~~
/workspace/proj_20260913_123240/src/Board.cpp: In member function ‘void FiveInARow::Board::clear()’:
/workspace/proj_20260913_123240/src/Board.cpp:50:19: error: ‘width_’ was not declared in this scope
   50 |     cells_.assign(width_ * height_, CellState::Empty);
      |                   ^~~~~~
/workspace/proj_20260913_123240/src/Board.cpp:50:28: error: ‘height_’ was not declared in this scope
   50 |     cells_.assign(width_ * height_, CellState::Empty);
      |                            ^~~~~~~
/workspace/proj_20260913_123240/src/GameEngine.cpp: In constructor ‘FiveInARow::GameEngine::GameEngine(size_t, size_t)’:
/workspace/proj_20260913_123240/src/GameEngine.cpp:7:7: error: no matching function for call to ‘FiveInARow::Board::Board(size_t&, size_t&)’
    7 |     : board_(w, h),
      |       ^~~~~~~~~~~~
In file included from /workspace/proj_20260913_123240/include/GameEngine.h:5,
                 from /workspace/proj_20260913_123240/src/GameEngine.cpp:1:
/workspace/proj_20260913_123240/include/Board.h:12:7: note: candidate: ‘FiveInARow::Board::Board()’
   12 | class Board {
      |       ^~~~~
/workspace/proj_20260913_123240/include/Board.h:12:7: note:   candidate expects 0 arguments, 2 provided
/workspace/proj_20260913_123240/include/Board.h:12:7: note: candidate: ‘FiveInARow::Board::Board(const FiveInARow::Board&)’
/workspace/proj_20260913_123240/include/Board.h:12:7: note:   candidate expects 1 argument, 2 provided
/workspace/proj_20260913_123240/include/Board.h:12:7: note: candidate: ‘FiveInARow::Board::Board(FiveInARow::Board&&)’
/workspace/proj_20260913_123240/include/Board.h:12:7: note:   candidate expects 1 argument, 2 provided
/workspace/proj_20260913_123240/src/GameEngine.cpp: In member function ‘FiveInARow::MoveError FiveInARow::GameEngine::applyMove(size_t, size_t)’:
/workspace/proj_20260913_123240/src/GameEngine.cpp:46:38: error: no matching function for call to ‘FiveInARow::Move::Move(size_t&, size_t&, FiveInARow::Player&)’
   46 |     history_.push(Move(r, c, current_));
      |                                      ^
In file included from /workspace/proj_20260913_123240/include/MoveHistory.h:5,
                 from /workspace/proj_20260913_123240/include/GameEngine.h:6,
                 from /workspace/proj_20260913_123240/src/GameEngine.cpp:1:
/workspace/proj_20260913_123240/include/Move.h:11:8: note: candidate: ‘FiveInARow::Move::Move()’
   11 | struct Move {
      |        ^~~~
/workspace/proj_20260913_123240/include/Move.h:11:8: note:   candidate expects 0 arguments, 3 provided
/workspace/proj_20260913_123240/include/Move.h:11:8: note: candidate: ‘constexpr FiveInARow::Move::Move(const FiveInARow::Move&)’
/workspace/proj_20260913_123240/include/Move.h:11:8: note:   candidate expects 1 argument, 3 provided
/workspace/proj_20260913_123240/include/Move.h:11:8: note: candidate: ‘constexpr FiveInARow::Move::Move(FiveInARow::Move&&)’
/workspace/proj_20260913_123240/include/Move.h:11:8: note:   candidate expects 1 argument, 3 provided
gmake[2]: *** [CMakeFiles/fiveinarow_core.dir/build.make:76: CMakeFiles/fiveinarow_core.dir/src/Board.cpp.o] Error 1
/workspace/proj_20260913_123240/src/WinDetector.cpp: In static member function ‘static std::optional<FiveInARow::Player> FiveInARow::WinDetector::checkWin(const FiveInARow::Board&)’:
/workspace/proj_20260913_123240/src/WinDetector.cpp:28:45: error: cannot convert ‘FiveInARow::CellState’ to ‘FiveInARow::Player’ in initialization
   28 |                 Player currentPlayer = b.get(r, c);
      |                                        ~~~~~^~~~~~
      |                                             |
      |                                             FiveInARow::CellState
/workspace/proj_20260913_123240/src/WinDetector.cpp:32:55: error: no match for ‘operator!=’ (operand types are ‘FiveInARow::CellState’ and ‘FiveInARow::Player’)
   32 |                     if (b.get(r + i * dr, c + i * dc) != currentPlayer) {
      |                         ~~~~~~~~~~~~~~~~~~~~~~~~~~~~~ ^~ ~~~~~~~~~~~~~
      |                              |                           |
      |                              FiveInARow::CellState       FiveInARow::Player
/workspace/proj_20260913_123240/src/WinDetector.cpp:32:55: note: candidate: ‘operator!=(FiveInARow::Player, FiveInARow::Player)’ (built-in)
   32 |                     if (b.get(r + i * dr, c + i * dc) != currentPlayer) {
      |                         ~~~~~~~~~~~~~~~~~~~~~~~~~~~~~~^~~~~~~~~~~~~~~~
/workspace/proj_20260913_123240/src/WinDetector.cpp:32:55: note:   no known conversion for argument 1 from ‘FiveInARow::CellState’ to ‘FiveInARow::Player’
/workspace/proj_20260913_123240/src/WinDetector.cpp:32:55: note: candidate: ‘operator!=(FiveInARow::CellState, FiveInARow::CellState)’ (built-in)
/workspace/proj_20260913_123240/src/WinDetector.cpp:32:55: note:   no known conversion for argument 2 from ‘FiveInARow::Player’ to ‘FiveInARow::CellState’
/workspace/proj_20260913_123240/src/WinDetector.cpp: In static member function ‘static bool FiveInARow::WinDetector::hasFiveFrom(const FiveInARow::Board&, size_t, size_t, int, int)’:
/workspace/proj_20260913_123240/src/WinDetector.cpp:55:33: error: cannot convert ‘FiveInARow::CellState’ to ‘FiveInARow::Player’ in initialization
   55 |     Player currentPlayer = b.get(r, c);
      |                            ~~~~~^~~~~~
      |                                 |
      |                                 FiveInARow::CellState
/workspace/proj_20260913_123240/src/WinDetector.cpp:56:23: error: no match for ‘operator==’ (operand types are ‘FiveInARow::Player’ and ‘FiveInARow::CellState’)
   56 |     if (currentPlayer == CellState::Empty) {
      |         ~~~~~~~~~~~~~ ^~ ~~~~~~~~~~~~~~~~
      |         |                           |
      |         FiveInARow::Player          FiveInARow::CellState
/workspace/proj_20260913_123240/src/WinDetector.cpp:56:23: note: candidate: ‘operator==(FiveInARow::CellState, FiveInARow::CellState)’ (built-in)
   56 |     if (currentPlayer == CellState::Empty) {
      |         ~~~~~~~~~~~~~~^~~~~~~~~~~~~~~~~~~
/workspace/proj_20260913_123240/src/WinDetector.cpp:56:23: note:   no known conversion for argument 1 from ‘FiveInARow::Player’ to ‘FiveInARow::CellState’
/workspace/proj_20260913_123240/src/WinDetector.cpp:56:23: note: candidate: ‘operator==(FiveInARow::Player, FiveInARow::Player)’ (built-in)
/workspace/proj_20260913_123240/src/WinDetector.cpp:56:23: note:   no known conversion for argument 2 from ‘FiveInARow::CellState’ to ‘FiveInARow::Player’
/workspace/proj_20260913_123240/src/WinDetector.cpp:67:43: error: no match for ‘operator!=’ (operand types are ‘FiveInARow::CellState’ and ‘FiveInARow::Player’)
   67 |         if (b.get(r + i * dr, c + i * dc) != currentPlayer) {
      |             ~~~~~~~~~~~~~~~~~~~~~~~~~~~~~ ^~ ~~~~~~~~~~~~~
      |                  |                           |
      |                  FiveInARow::CellState       FiveInARow::Player
/workspace/proj_20260913_123240/src/WinDetector.cpp:67:43: note: candidate: ‘operator!=(FiveInARow::Player, FiveInARow::Player)’ (built-in)
   67 |         if (b.get(r + i * dr, c + i * dc) != currentPlayer) {
      |             ~~~~~~~~~~~~~~~~~~~~~~~~~~~~~~^~~~~~~~~~~~~~~~
/workspace/proj_20260913_123240/src/WinDetector.cpp:67:43: note:   no known conversion for argument 1 from ‘FiveInARow::CellState’ to ‘FiveInARow::Player’
/workspace/proj_20260913_123240/src/WinDetector.cpp:67:43: note: candidate: ‘operator!=(FiveInARow::CellState, FiveInARow::CellState)’ (built-in)
/workspace/proj_20260913_123240/src/WinDetector.cpp:67:43: note:   no known conversion for argument 2 from ‘FiveInARow::Player’ to ‘FiveInARow::CellState’
gmake[2]: *** [CMakeFiles/fiveinarow_core.dir/build.make:118: CMakeFiles/fiveinarow_core.dir/src/WinDetector.cpp.o] Error 1
gmake[2]: *** [CMakeFiles/fiveinarow_core.dir/build.make:132: CMakeFiles/fiveinarow_core.dir/src/GameEngine.cpp.o] Error 1
gmake[1]: *** [CMakeFiles/Makefile2:87: CMakeFiles/fiveinarow_core.dir/all] Error 2
gmake: *** [Makefile:101: all] Error 2
[WARN] Evaluation failed with exit code: 2
>>> Cleanup possible leftover processes in container
[INFO] No leftover project-scoped processes found.
>>> Copy evaluation results back to host

===== DONE =====
Artifacts in: /home/zhaorz/project/CodeWM/CodeWM_ProWES_Logits/reproduct/units/p04_caro_game/cpp/attempts/0008_seed_3838723605/p04_caro_game_cpp/p04_caro_game_cpp/DTResults/out_20260913_123240
Packaged runnable artifacts should be under: /home/zhaorz/project/CodeWM/CodeWM_ProWES_Logits/reproduct/units/p04_caro_game/cpp/attempts/0008_seed_3838723605/p04_caro_game_cpp/p04_caro_game_cpp/DTResults/out_20260913_123240/artifacts
Container evaluation log should be under: /home/zhaorz/project/CodeWM/CodeWM_ProWES_Logits/reproduct/units/p04_caro_game/cpp/attempts/0008_seed_3838723605/p04_caro_game_cpp/p04_caro_game_cpp/DTResults/out_20260913_123240/evaluation.log
Wrapper log : /home/zhaorz/project/CodeWM/CodeWM_ProWES_Logits/reproduct/units/p04_caro_game/cpp/attempts/0008_seed_3838723605/p04_caro_game_cpp/p04_caro_game_cpp/DTResults/out_20260913_123240/host_wrapper_20260913_123240.log
