===== BEGIN @ 20260913_064916 =====
[INFO] Project dir:        /home/zhaorz/project/CodeWM/CodeWM_ProWES_Logits/reproduct/units/p01_snake_game/java/replays/0001_seed_1082638472/p01_snake_game_java/p01_snake_game_java
[INFO] Container name:    CodeWM-DT
[INFO] In-container dir:  /workspace/proj_20260913_064916
[INFO] Output dir:        /home/zhaorz/project/CodeWM/CodeWM_ProWES_Logits/reproduct/units/p01_snake_game/java/replays/0001_seed_1082638472/p01_snake_game_java/p01_snake_game_java/DTResults/out_20260913_064916
[INFO] Wrapper log:       /home/zhaorz/project/CodeWM/CodeWM_ProWES_Logits/reproduct/units/p01_snake_game/java/replays/0001_seed_1082638472/p01_snake_game_java/p01_snake_game_java/DTResults/out_20260913_064916/host_wrapper_20260913_064916.log
[INFO] Time limit:        300s (kill-after 5s)
[INFO] Install limit:     300s
[INFO] Build limit:       300s
[INFO] Test limit:        30s
[INFO] Run check:         5s (kill-after 2s)
[INFO] Runtime output thresholds: bytes=262144, lines=200, same_line=30, consecutive_same_line=10
[INFO] CPU busy check:    1
[INFO] Hard eval timeout: 420s (kill-after 10s)
[INFO] HTTP_PROXY:        http://127.0.0.1:7890
[INFO] HTTPS_PROXY:       http://127.0.0.1:7890
[INFO] NO_PROXY:          127.0.0.1,::1,localhost
[INFO] PIP_INDEX_URL:     <empty>
[INFO] ENABLE_MAVEN_PROXY_CONFIG: 1
[INFO] MAVEN_PROXY_HTTP:  192.168.129.183:7897
[INFO] MAVEN_PROXY_HTTPS: 192.168.129.183:7897

[INFO] Xvfb is ready in container 'CodeWM-DT'.
>>> Copy project into container: /home/zhaorz/project/CodeWM/CodeWM_ProWES_Logits/reproduct/units/p01_snake_game/java/replays/0001_seed_1082638472/p01_snake_game_java/p01_snake_game_java -> CodeWM-DT:/workspace/proj_20260913_064916
>>> Write Maven proxy config to container
>>> Run evaluator in container
[INFO] Detected protocol: java
>>> Protocol detected: JAVA
>>> Running Maven tests
[INFO] Test timeout limit: 30s (kill-after 5s)
Initial state:
GameSnapshot{width=10, height=10, body=[Position{x=5, y=5}], food=Position{x=6, y=3}, score=0, gameOver=false, direction=UP}

Gameplay:
Tick result: MOVED
State after tick:
GameSnapshot{width=10, height=10, body=[Position{x=5, y=4}], food=Position{x=6, y=3}, score=0, gameOver=false, direction=UP}
Tick result: MOVED
State after tick:
GameSnapshot{width=10, height=10, body=[Position{x=6, y=4}], food=Position{x=6, y=3}, score=0, gameOver=false, direction=RIGHT}
Tick result: MOVED
State after tick:
GameSnapshot{width=10, height=10, body=[Position{x=6, y=5}], food=Position{x=6, y=3}, score=0, gameOver=false, direction=DOWN}

Final state:
GameSnapshot{width=10, height=10, body=[Position{x=6, y=5}], food=Position{x=6, y=3}, score=0, gameOver=false, direction=DOWN}
>>> Packaging Java project
[INFO] Build timeout limit: 300s (kill-after 5s)
>>> Copy Java artifacts
>>> Java packaged artifacts:
/workspace/proj_20260913_064916/DTResults/artifacts/snake-game-1.0-SNAPSHOT.jar
>>> Running Java project via Maven exec:java
>>> Running packaged artifact smart runtime check (5s)
[INFO] Runtime command: mvn -q -DskipTests exec:java -Dexec.mainClass=Main  
[INFO] Runtime output is captured in: /workspace/proj_20260913_064916/DTResults/runtime/java.log
[INFO] Runtime thresholds: max_bytes=262144, max_lines=200, max_same_line=30, max_consecutive_same_line=10, cpu_busy_check=1
[INFO] Packaged artifact exited normally during runtime check.
[INFO] Runtime log sample follows: /workspace/proj_20260913_064916/DTResults/runtime/java.log
----- BEGIN runtime log tail (40 lines) -----
Initial state:
GameSnapshot{width=10, height=10, body=[Position{x=5, y=5}], food=Position{x=6, y=3}, score=0, gameOver=false, direction=UP}

Gameplay:
Tick result: MOVED
State after tick:
GameSnapshot{width=10, height=10, body=[Position{x=5, y=4}], food=Position{x=6, y=3}, score=0, gameOver=false, direction=UP}
Tick result: MOVED
State after tick:
GameSnapshot{width=10, height=10, body=[Position{x=6, y=4}], food=Position{x=6, y=3}, score=0, gameOver=false, direction=RIGHT}
Tick result: MOVED
State after tick:
GameSnapshot{width=10, height=10, body=[Position{x=6, y=5}], food=Position{x=6, y=3}, score=0, gameOver=false, direction=DOWN}

Final state:
GameSnapshot{width=10, height=10, body=[Position{x=6, y=5}], food=Position{x=6, y=3}, score=0, gameOver=false, direction=DOWN}
----- END runtime log tail -----
[RUNTIME_STATUS] {"phase":"runtime_check","status":"success","reason":"normal_exit","exit_code":0,"output_bytes":783,"output_lines":16,"max_same_line":3,"max_consecutive_same_line":1,"cpu_busy_samples":4}
[INFO] Evaluation, packaging, and smart runtime check finished successfully.
[INFO] Packaged artifacts are stored in: /workspace/proj_20260913_064916/DTResults/artifacts
>>> Cleanup possible leftover processes in container
[INFO] No leftover project-scoped processes found.
>>> Copy evaluation results back to host

===== DONE =====
Artifacts in: /home/zhaorz/project/CodeWM/CodeWM_ProWES_Logits/reproduct/units/p01_snake_game/java/replays/0001_seed_1082638472/p01_snake_game_java/p01_snake_game_java/DTResults/out_20260913_064916
Packaged runnable artifacts should be under: /home/zhaorz/project/CodeWM/CodeWM_ProWES_Logits/reproduct/units/p01_snake_game/java/replays/0001_seed_1082638472/p01_snake_game_java/p01_snake_game_java/DTResults/out_20260913_064916/artifacts
Container evaluation log should be under: /home/zhaorz/project/CodeWM/CodeWM_ProWES_Logits/reproduct/units/p01_snake_game/java/replays/0001_seed_1082638472/p01_snake_game_java/p01_snake_game_java/DTResults/out_20260913_064916/evaluation.log
Wrapper log : /home/zhaorz/project/CodeWM/CodeWM_ProWES_Logits/reproduct/units/p01_snake_game/java/replays/0001_seed_1082638472/p01_snake_game_java/p01_snake_game_java/DTResults/out_20260913_064916/host_wrapper_20260913_064916.log
