===== BEGIN @ 20260913_055636 =====
[INFO] Project dir:        /home/zhaorz/project/CodeWM/CodeWM_ProWES_Logits/reproduct/units/p02_flappy_bird_game/cpp/attempts/0007_seed_209523865/p02_flappy_bird_game_cpp/p02_flappy_bird_game_cpp
[INFO] Container name:    CodeWM-DT
[INFO] In-container dir:  /workspace/proj_20260913_055636
[INFO] Output dir:        /home/zhaorz/project/CodeWM/CodeWM_ProWES_Logits/reproduct/units/p02_flappy_bird_game/cpp/attempts/0007_seed_209523865/p02_flappy_bird_game_cpp/p02_flappy_bird_game_cpp/DTResults/out_20260913_055636
[INFO] Wrapper log:       /home/zhaorz/project/CodeWM/CodeWM_ProWES_Logits/reproduct/units/p02_flappy_bird_game/cpp/attempts/0007_seed_209523865/p02_flappy_bird_game_cpp/p02_flappy_bird_game_cpp/DTResults/out_20260913_055636/host_wrapper_20260913_055636.log
[INFO] Time limit:        300s (kill-after 5s)
[INFO] Install limit:     300s
[INFO] Build limit:       300s
[INFO] Test limit:        30s
[INFO] Run check:         5s (kill-after 2s)
[INFO] Runtime output thresholds: bytes=262144, lines=200, same_line=30, consecutive_same_line=10
[INFO] CPU busy check:    1
[INFO] Hard eval timeout: 420s (kill-after 10s)
[INFO] HTTP_PROXY:        http://127.0.0.1:7890
[INFO] HTTPS_PROXY:       http://127.0.0.1:7890
[INFO] NO_PROXY:          localhost,127.0.0.1,::1
[INFO] PIP_INDEX_URL:     <empty>
[INFO] ENABLE_MAVEN_PROXY_CONFIG: 1
[INFO] MAVEN_PROXY_HTTP:  192.168.129.183:7897
[INFO] MAVEN_PROXY_HTTPS: 192.168.129.183:7897

[INFO] Xvfb is ready in container 'CodeWM-DT'.
>>> Copy project into container: /home/zhaorz/project/CodeWM/CodeWM_ProWES_Logits/reproduct/units/p02_flappy_bird_game/cpp/attempts/0007_seed_209523865/p02_flappy_bird_game_cpp/p02_flappy_bird_game_cpp -> CodeWM-DT:/workspace/proj_20260913_055636
>>> Write Maven proxy config to container
>>> Run evaluator in container
[INFO] Detected protocol: cpp
>>> Protocol detected: C++
>>> Configuring CMake project
[INFO] Build timeout limit: 300s (kill-after 5s)
-- The C compiler identification is GNU 11.4.0
-- The CXX compiler identification is GNU 11.4.0
-- Detecting C compiler ABI info
-- Detecting C compiler ABI info - done
-- Check for working C compiler: /usr/bin/gcc - skipped
-- Detecting C compile features
-- Detecting C compile features - done
-- Detecting CXX compiler ABI info
-- Detecting CXX compiler ABI info - done
-- Check for working CXX compiler: /usr/bin/g++ - skipped
-- Detecting CXX compile features
-- Detecting CXX compile features - done
-- Configuring done
-- Generating done
-- Build files have been written to: /workspace/proj_20260913_055636/build
>>> Building C++ project
[INFO] Build timeout limit: 300s (kill-after 5s)
[ 27%] Building CXX object CMakeFiles/flappy_core.dir/src/Bird.cpp.o
[ 27%] Building CXX object CMakeFiles/flappy_core.dir/src/Pipe.cpp.o
[ 27%] Building CXX object CMakeFiles/flappy_core.dir/src/GameConfig.cpp.o
[ 36%] Building CXX object CMakeFiles/flappy_core.dir/src/Random.cpp.o
[ 45%] Building CXX object CMakeFiles/flappy_core.dir/src/GameState.cpp.o
[ 54%] Building CXX object CMakeFiles/flappy_core.dir/src/GameEngine.cpp.o
[ 63%] Linking CXX static library libflappy_core.a
[ 63%] Built target flappy_core
[ 72%] Building CXX object CMakeFiles/flappy_demo.dir/src/Main.cpp.o
[ 81%] Building CXX object CMakeFiles/flappy_test.dir/tests/test_main.cpp.o
/workspace/proj_20260913_055636/tests/test_main.cpp: In function ‘int main()’:
/workspace/proj_20260913_055636/tests/test_main.cpp:53:16: error: redeclaration of ‘double newVelocity’
   53 |         double newVelocity = bird.velocity();
      |                ^~~~~~~~~~~
/workspace/proj_20260913_055636/tests/test_main.cpp:46:16: note: ‘double newVelocity’ previously declared here
   46 |         double newVelocity = engine.birdY(); // This won't work as intended, we need to get actual velocity
      |                ^~~~~~~~~~~
[ 90%] Linking CXX executable flappy_demo
gmake[2]: *** [CMakeFiles/flappy_test.dir/build.make:76: CMakeFiles/flappy_test.dir/tests/test_main.cpp.o] Error 1
gmake[1]: *** [CMakeFiles/Makefile2:139: CMakeFiles/flappy_test.dir/all] Error 2
gmake[1]: *** Waiting for unfinished jobs....
[ 90%] Built target flappy_demo
gmake: *** [Makefile:101: all] Error 2
[WARN] Evaluation failed with exit code: 2
>>> Cleanup possible leftover processes in container
[INFO] No leftover project-scoped processes found.
>>> Copy evaluation results back to host

===== DONE =====
Artifacts in: /home/zhaorz/project/CodeWM/CodeWM_ProWES_Logits/reproduct/units/p02_flappy_bird_game/cpp/attempts/0007_seed_209523865/p02_flappy_bird_game_cpp/p02_flappy_bird_game_cpp/DTResults/out_20260913_055636
Packaged runnable artifacts should be under: /home/zhaorz/project/CodeWM/CodeWM_ProWES_Logits/reproduct/units/p02_flappy_bird_game/cpp/attempts/0007_seed_209523865/p02_flappy_bird_game_cpp/p02_flappy_bird_game_cpp/DTResults/out_20260913_055636/artifacts
Container evaluation log should be under: /home/zhaorz/project/CodeWM/CodeWM_ProWES_Logits/reproduct/units/p02_flappy_bird_game/cpp/attempts/0007_seed_209523865/p02_flappy_bird_game_cpp/p02_flappy_bird_game_cpp/DTResults/out_20260913_055636/evaluation.log
Wrapper log : /home/zhaorz/project/CodeWM/CodeWM_ProWES_Logits/reproduct/units/p02_flappy_bird_game/cpp/attempts/0007_seed_209523865/p02_flappy_bird_game_cpp/p02_flappy_bird_game_cpp/DTResults/out_20260913_055636/host_wrapper_20260913_055636.log
