{
  "n_paired": 120,
  "n_bits": 4,
  "clean_BAR": 0.9354166666666667,
  "attack_BAR": 0.7145833333333333,
  "DeltaBAR": 0.22083333333333333,
  "clean_MAR": 0.7833333333333333,
  "attack_MAR": 0.35,
  "chance_BAR": 0.5,
  "chance_MAR": 0.0625,
  "n_attempted": 125,
  "n_changed": 122,
  "n_syntax_valid": 123,
  "change_rate": 0.976,
  "syntax_valid_rate": 0.984,
  "paired_coverage": 0.96,
  "status_counts": {
    "no_op": 3,
    "syntax_invalid": 2,
    "execution_invalid": 0,
    "valid_attack": 120,
    "error": 0,
    "unclassified": 0
  },
  "bootstrap_95CI": {
    "clean_BAR": [
      0.9104166666666667,
      0.9583333333333334
    ],
    "attack_BAR": [
      0.6666666666666666,
      0.7625
    ],
    "DeltaBAR": [
      0.175,
      0.26875
    ],
    "clean_MAR": [
      0.7083333333333334,
      0.8583333333333333
    ],
    "attack_MAR": [
      0.26666666666666666,
      0.43333333333333335
    ]
  }
}
