{
  "n_paired": 123,
  "n_bits": 4,
  "clean_BAR": 1.0,
  "attack_BAR": 0.7398373983739838,
  "DeltaBAR": 0.26016260162601623,
  "clean_MAR": 1.0,
  "attack_MAR": 0.3902439024390244,
  "chance_BAR": 0.5,
  "chance_MAR": 0.0625,
  "n_attempted": 125,
  "n_changed": 123,
  "n_syntax_valid": 125,
  "change_rate": 0.984,
  "syntax_valid_rate": 1.0,
  "paired_coverage": 0.984,
  "status_counts": {
    "no_op": 2,
    "syntax_invalid": 0,
    "execution_invalid": 0,
    "valid_attack": 123,
    "error": 0,
    "unclassified": 0
  },
  "bootstrap_95CI": {
    "clean_BAR": [
      1.0,
      1.0
    ],
    "attack_BAR": [
      0.693089430894309,
      0.7845528455284553
    ],
    "DeltaBAR": [
      0.21544715447154472,
      0.30691056910569103
    ],
    "clean_MAR": [
      1.0,
      1.0
    ],
    "attack_MAR": [
      0.3089430894308943,
      0.4796747967479675
    ]
  }
}
