===== BEGIN @ 20260913_082313 =====
[INFO] Project dir:        /home/zhaorz/project/CodeWM/CodeWM_ProWES_Logits/reproduct/units/p02_flappy_bird_game/python/attempts/0025_seed_3131337434/p02_flappy_bird_game_python/p02_flappy_bird_game_python
[INFO] Container name:    CodeWM-DT
[INFO] In-container dir:  /workspace/proj_20260913_082313
[INFO] Output dir:        /home/zhaorz/project/CodeWM/CodeWM_ProWES_Logits/reproduct/units/p02_flappy_bird_game/python/attempts/0025_seed_3131337434/p02_flappy_bird_game_python/p02_flappy_bird_game_python/DTResults/out_20260913_082313
[INFO] Wrapper log:       /home/zhaorz/project/CodeWM/CodeWM_ProWES_Logits/reproduct/units/p02_flappy_bird_game/python/attempts/0025_seed_3131337434/p02_flappy_bird_game_python/p02_flappy_bird_game_python/DTResults/out_20260913_082313/host_wrapper_20260913_082313.log
[INFO] Time limit:        300s (kill-after 5s)
[INFO] Install limit:     300s
[INFO] Build limit:       300s
[INFO] Test limit:        30s
[INFO] Run check:         5s (kill-after 2s)
[INFO] Runtime output thresholds: bytes=262144, lines=200, same_line=30, consecutive_same_line=10
[INFO] CPU busy check:    1
[INFO] Hard eval timeout: 420s (kill-after 10s)
[INFO] HTTP_PROXY:        http://127.0.0.1:7890
[INFO] HTTPS_PROXY:       http://127.0.0.1:7890
[INFO] NO_PROXY:          localhost,127.0.0.1,::1
[INFO] PIP_INDEX_URL:     <empty>
[INFO] ENABLE_MAVEN_PROXY_CONFIG: 1
[INFO] MAVEN_PROXY_HTTP:  192.168.129.183:7897
[INFO] MAVEN_PROXY_HTTPS: 192.168.129.183:7897

[INFO] Xvfb is ready in container 'CodeWM-DT'.
>>> Copy project into container: /home/zhaorz/project/CodeWM/CodeWM_ProWES_Logits/reproduct/units/p02_flappy_bird_game/python/attempts/0025_seed_3131337434/p02_flappy_bird_game_python/p02_flappy_bird_game_python -> CodeWM-DT:/workspace/proj_20260913_082313
>>> Write Maven proxy config to container
>>> Run evaluator in container
[INFO] Detected protocol: python
>>> Protocol detected: PYTHON
>>> Installing Python dependencies
[INFO] Install timeout limit: 300s (kill-after 5s)
Requirement already satisfied: pytest<9,>=7 in /usr/local/lib/python3.10/dist-packages (from -r requirements.txt (line 1)) (8.2.2)
Requirement already satisfied: iniconfig in /usr/local/lib/python3.10/dist-packages (from pytest<9,>=7->-r requirements.txt (line 1)) (2.3.0)
Requirement already satisfied: packaging in /usr/local/lib/python3.10/dist-packages (from pytest<9,>=7->-r requirements.txt (line 1)) (26.2)
Requirement already satisfied: pluggy<2.0,>=1.5 in /usr/local/lib/python3.10/dist-packages (from pytest<9,>=7->-r requirements.txt (line 1)) (1.6.0)
Requirement already satisfied: exceptiongroup>=1.0.0rc8 in /usr/local/lib/python3.10/dist-packages (from pytest<9,>=7->-r requirements.txt (line 1)) (1.3.1)
Requirement already satisfied: tomli>=1 in /usr/local/lib/python3.10/dist-packages (from pytest<9,>=7->-r requirements.txt (line 1)) (2.4.1)
Requirement already satisfied: typing-extensions>=4.6.0 in /usr/local/lib/python3.10/dist-packages (from exceptiongroup>=1.0.0rc8->pytest<9,>=7->-r requirements.txt (line 1)) (4.16.0)
>>> Running pytest
[INFO] Test timeout limit: 30s (kill-after 5s)

==================================== ERRORS ====================================
_____________________ ERROR collecting tests/test_main.py ______________________
ImportError while importing test module '/workspace/proj_20260913_082313/tests/test_main.py'.
Hint: make sure your test modules/packages have valid Python names.
Traceback:
/usr/lib/python3.10/importlib/__init__.py:126: in import_module
    return _bootstrap._gcd_import(name[level:], package, level)
tests/test_main.py:3: in <module>
    from flappy_bird import Game, Pipe, Config
flappy_bird/__init__.py:5: in <module>
    from .game import Game
flappy_bird/game.py:6: in <module>
    from flappy_bird.scoring import is_pipe_scored
flappy_bird/scoring.py:3: in <module>
    from typing import bool
E   ImportError: cannot import name 'bool' from 'typing' (/usr/lib/python3.10/typing.py)
=========================== short test summary info ============================
ERROR tests/test_main.py
!!!!!!!!!!!!!!!!!!!! Interrupted: 1 error during collection !!!!!!!!!!!!!!!!!!!!
1 error in 0.08s
[WARN] Evaluation failed with exit code: 2
>>> Cleanup possible leftover processes in container
[INFO] No leftover project-scoped processes found.
>>> Copy evaluation results back to host

===== DONE =====
Artifacts in: /home/zhaorz/project/CodeWM/CodeWM_ProWES_Logits/reproduct/units/p02_flappy_bird_game/python/attempts/0025_seed_3131337434/p02_flappy_bird_game_python/p02_flappy_bird_game_python/DTResults/out_20260913_082313
Packaged runnable artifacts should be under: /home/zhaorz/project/CodeWM/CodeWM_ProWES_Logits/reproduct/units/p02_flappy_bird_game/python/attempts/0025_seed_3131337434/p02_flappy_bird_game_python/p02_flappy_bird_game_python/DTResults/out_20260913_082313/artifacts
Container evaluation log should be under: /home/zhaorz/project/CodeWM/CodeWM_ProWES_Logits/reproduct/units/p02_flappy_bird_game/python/attempts/0025_seed_3131337434/p02_flappy_bird_game_python/p02_flappy_bird_game_python/DTResults/out_20260913_082313/evaluation.log
Wrapper log : /home/zhaorz/project/CodeWM/CodeWM_ProWES_Logits/reproduct/units/p02_flappy_bird_game/python/attempts/0025_seed_3131337434/p02_flappy_bird_game_python/p02_flappy_bird_game_python/DTResults/out_20260913_082313/host_wrapper_20260913_082313.log
