===== BEGIN @ 20260913_185338 =====
[INFO] Project dir:        /home/zhaorz/project/CodeWM/CodeWM_ProWES_Logits/reproduct/units/p05_brick_breaker_game/python/attempts/0002_seed_3996841867/p05_brick_breaker_game_python/p05_brick_breaker_game_python
[INFO] Container name:    CodeWM-DT
[INFO] In-container dir:  /workspace/proj_20260913_185338
[INFO] Output dir:        /home/zhaorz/project/CodeWM/CodeWM_ProWES_Logits/reproduct/units/p05_brick_breaker_game/python/attempts/0002_seed_3996841867/p05_brick_breaker_game_python/p05_brick_breaker_game_python/DTResults/out_20260913_185338
[INFO] Wrapper log:       /home/zhaorz/project/CodeWM/CodeWM_ProWES_Logits/reproduct/units/p05_brick_breaker_game/python/attempts/0002_seed_3996841867/p05_brick_breaker_game_python/p05_brick_breaker_game_python/DTResults/out_20260913_185338/host_wrapper_20260913_185338.log
[INFO] Time limit:        300s (kill-after 5s)
[INFO] Install limit:     300s
[INFO] Build limit:       300s
[INFO] Test limit:        30s
[INFO] Run check:         5s (kill-after 2s)
[INFO] Runtime output thresholds: bytes=262144, lines=200, same_line=30, consecutive_same_line=10
[INFO] CPU busy check:    1
[INFO] Hard eval timeout: 420s (kill-after 10s)
[INFO] HTTP_PROXY:        http://127.0.0.1:7890
[INFO] HTTPS_PROXY:       http://127.0.0.1:7890
[INFO] NO_PROXY:          127.0.0.1,::1,localhost
[INFO] PIP_INDEX_URL:     <empty>
[INFO] ENABLE_MAVEN_PROXY_CONFIG: 1
[INFO] MAVEN_PROXY_HTTP:  192.168.129.183:7897
[INFO] MAVEN_PROXY_HTTPS: 192.168.129.183:7897

[INFO] Xvfb is ready in container 'CodeWM-DT'.
>>> Copy project into container: /home/zhaorz/project/CodeWM/CodeWM_ProWES_Logits/reproduct/units/p05_brick_breaker_game/python/attempts/0002_seed_3996841867/p05_brick_breaker_game_python/p05_brick_breaker_game_python -> CodeWM-DT:/workspace/proj_20260913_185338
>>> Write Maven proxy config to container
>>> Run evaluator in container
[INFO] Detected protocol: python
>>> Protocol detected: PYTHON
>>> Installing Python dependencies
[INFO] Install timeout limit: 300s (kill-after 5s)
Requirement already satisfied: pytest<9,>=7 in /usr/local/lib/python3.10/dist-packages (from -r requirements.txt (line 1)) (7.4.4)
Requirement already satisfied: iniconfig in /usr/local/lib/python3.10/dist-packages (from pytest<9,>=7->-r requirements.txt (line 1)) (2.3.0)
Requirement already satisfied: packaging in /usr/local/lib/python3.10/dist-packages (from pytest<9,>=7->-r requirements.txt (line 1)) (26.2)
Requirement already satisfied: pluggy<2.0,>=0.12 in /usr/local/lib/python3.10/dist-packages (from pytest<9,>=7->-r requirements.txt (line 1)) (1.6.0)
Requirement already satisfied: exceptiongroup>=1.0.0rc8 in /usr/local/lib/python3.10/dist-packages (from pytest<9,>=7->-r requirements.txt (line 1)) (1.3.1)
Requirement already satisfied: tomli>=1.0.0 in /usr/local/lib/python3.10/dist-packages (from pytest<9,>=7->-r requirements.txt (line 1)) (2.4.1)
Requirement already satisfied: typing-extensions>=4.6.0 in /usr/local/lib/python3.10/dist-packages (from exceptiongroup>=1.0.0rc8->pytest<9,>=7->-r requirements.txt (line 1)) (4.16.0)
>>> Running pytest
[INFO] Test timeout limit: 30s (kill-after 5s)
FFF                                                                      [100%]
=================================== FAILURES ===================================
____________________ test_run_demo_returns_stable_snapshot _____________________

    def test_run_demo_returns_stable_snapshot():
        """Test that Main.run_demo returns a consistent snapshot without side effects."""
        # Run the demo multiple times to ensure deterministic behavior
>       snapshot1 = Main.run_demo()

tests/test_main.py:22: 
_ _ _ _ _ _ _ _ _ _ _ _ _ _ _ _ _ _ _ _ _ _ _ _ _ _ _ _ _ _ _ _ _ _ _ _ _ _ _ _ 
Main.py:24: in run_demo
    game = Game()
brick_breaker/game.py:33: in __init__
    self.level = make_grid_level(self.config)
_ _ _ _ _ _ _ _ _ _ _ _ _ _ _ _ _ _ _ _ _ _ _ _ _ _ _ _ _ _ _ _ _ _ _ _ _ _ _ _ 

config = <brick_breaker.config.GameConfig object at 0x7fac486b2410>

    def make_grid_level(config: GameConfig) -> Level:
        """Create a grid of bricks based on configuration parameters.
    
        Args:
            config: GameConfig object containing level layout parameters.
    
        Returns:
            A Level object populated with bricks arranged in a grid pattern.
        """
        # Calculate brick width if not explicitly provided
        if config.brick_width is None:
>           total_width = config.brick_cols * config.brick_width + (config.brick_cols - 1) * config.brick_padding
E           TypeError: unsupported operand type(s) for *: 'int' and 'NoneType'

brick_breaker/level.py:42: TypeError
______________ test_brick_hit_increments_score_and_removes_brick _______________

    def test_brick_hit_increments_score_and_removes_brick():
        """Test that hitting a brick increments score and removes it when durability reaches zero."""
        # Create a custom config with fewer bricks for easier testing
        config = GameConfig(
            width=300,
            height=400,
            lives=3,
            ball_speed=120.0,
            ball_radius=4.0,
            paddle_width=60.0,
            paddle_speed=180.0,
            brick_rows=1,  # Single row for simplicity
            brick_cols=1,  # Single brick for simplicity
            brick_width=50.0,
            brick_height=14.0,
            brick_padding=2.0,
            top_margin=40.0,
            points_per_brick=100
        )
    
        # Create game with our config
        game = Game(config)
    
        # Verify initial state
        assert game.score == 0
        assert game.level.remaining() == 1  # One brick initially
    
        # Simulate a ball hit to the brick
        # First, we need to place the ball in a position where it will hit the brick
        # Put ball just above the brick
        game.ball.x = 25.0  # Center of the brick
        game.ball.y = 50.0  # Just above the brick
        game.ball.vx = 0.0
        game.ball.vy = 120.0  # Moving downward
    
        # Run one tick to trigger collision
>       snapshot = game.tick("none")

tests/test_main.py:89: 
_ _ _ _ _ _ _ _ _ _ _ _ _ _ _ _ _ _ _ _ _ _ _ _ _ _ _ _ _ _ _ _ _ _ _ _ _ _ _ _ 
brick_breaker/game.py:90: in tick
    collide_ball_with_paddle(self.ball, self.paddle)
_ _ _ _ _ _ _ _ _ _ _ _ _ _ _ _ _ _ _ _ _ _ _ _ _ _ _ _ _ _ _ _ _ _ _ _ _ _ _ _ 

ball = <brick_breaker.ball.Ball object at 0x7fac487dbe80>
paddle = <brick_breaker.paddle.Paddle object at 0x7fac487dbf40>

    def collide_ball_with_paddle(ball: Ball, paddle: Paddle) -> None:
        """Detect and respond to collision between ball and paddle.
    
        If the ball intersects with the paddle, it will be reflected vertically.
        The horizontal velocity will be adjusted based on where the ball hits the
        paddle to create a realistic angle effect.
    
        Args:
            ball: The ball object to check and respond to.
            paddle: The paddle object to check against.
        """
        # Calculate the paddle's boundaries
        paddle_left = paddle.x - paddle.width / 2
        paddle_right = paddle.x + paddle.width / 2
>       paddle_top = paddle.y - paddle.height / 2
E       AttributeError: 'Paddle' object has no attribute 'height'

brick_breaker/collision.py:51: AttributeError
______________ test_bottom_out_decrements_lives_and_resets_level _______________

    def test_bottom_out_decrements_lives_and_resets_level():
        """Test that a bottom-out event decrements lives and resets the level when lives remain."""
        # Create a custom config with known values
        config = GameConfig(
            width=300,
            height=400,
            lives=3,
            ball_speed=120.0,
            ball_radius=4.0,
            paddle_width=60.0,
            paddle_speed=180.0,
            brick_rows=1,
            brick_cols=1,
            brick_width=50.0,
            brick_height=14.0,
            brick_padding=2.0,
            top_margin=40.0,
            points_per_brick=100
        )
    
        # Create game with our config
        game = Game(config)
    
        # Store initial state
        initial_lives = game.lives
        initial_bricks = game.level.remaining()
    
        # Move ball below the paddle to trigger bottom-out
        game.ball.y = config.height + 10.0  # Below the bottom of the screen
    
        # Run one tick to trigger bottom-out
>       snapshot = game.tick("none")

tests/test_main.py:133: 
_ _ _ _ _ _ _ _ _ _ _ _ _ _ _ _ _ _ _ _ _ _ _ _ _ _ _ _ _ _ _ _ _ _ _ _ _ _ _ _ 
brick_breaker/game.py:90: in tick
    collide_ball_with_paddle(self.ball, self.paddle)
_ _ _ _ _ _ _ _ _ _ _ _ _ _ _ _ _ _ _ _ _ _ _ _ _ _ _ _ _ _ _ _ _ _ _ _ _ _ _ _ 

ball = <brick_breaker.ball.Ball object at 0x7fac4881e1d0>
paddle = <brick_breaker.paddle.Paddle object at 0x7fac4881e350>

    def collide_ball_with_paddle(ball: Ball, paddle: Paddle) -> None:
        """Detect and respond to collision between ball and paddle.
    
        If the ball intersects with the paddle, it will be reflected vertically.
        The horizontal velocity will be adjusted based on where the ball hits the
        paddle to create a realistic angle effect.
    
        Args:
            ball: The ball object to check and respond to.
            paddle: The paddle object to check against.
        """
        # Calculate the paddle's boundaries
        paddle_left = paddle.x - paddle.width / 2
        paddle_right = paddle.x + paddle.width / 2
>       paddle_top = paddle.y - paddle.height / 2
E       AttributeError: 'Paddle' object has no attribute 'height'

brick_breaker/collision.py:51: AttributeError
=========================== short test summary info ============================
FAILED tests/test_main.py::test_run_demo_returns_stable_snapshot - TypeError:...
FAILED tests/test_main.py::test_brick_hit_increments_score_and_removes_brick
FAILED tests/test_main.py::test_bottom_out_decrements_lives_and_resets_level
3 failed in 0.05s
[WARN] Evaluation failed with exit code: 1
>>> Cleanup possible leftover processes in container
[INFO] No leftover project-scoped processes found.
>>> Copy evaluation results back to host

===== DONE =====
Artifacts in: /home/zhaorz/project/CodeWM/CodeWM_ProWES_Logits/reproduct/units/p05_brick_breaker_game/python/attempts/0002_seed_3996841867/p05_brick_breaker_game_python/p05_brick_breaker_game_python/DTResults/out_20260913_185338
Packaged runnable artifacts should be under: /home/zhaorz/project/CodeWM/CodeWM_ProWES_Logits/reproduct/units/p05_brick_breaker_game/python/attempts/0002_seed_3996841867/p05_brick_breaker_game_python/p05_brick_breaker_game_python/DTResults/out_20260913_185338/artifacts
Container evaluation log should be under: /home/zhaorz/project/CodeWM/CodeWM_ProWES_Logits/reproduct/units/p05_brick_breaker_game/python/attempts/0002_seed_3996841867/p05_brick_breaker_game_python/p05_brick_breaker_game_python/DTResults/out_20260913_185338/evaluation.log
Wrapper log : /home/zhaorz/project/CodeWM/CodeWM_ProWES_Logits/reproduct/units/p05_brick_breaker_game/python/attempts/0002_seed_3996841867/p05_brick_breaker_game_python/p05_brick_breaker_game_python/DTResults/out_20260913_185338/host_wrapper_20260913_185338.log
