{
  "n_paired": 5,
  "n_bits": 4,
  "clean_BAR": 0.95,
  "attack_BAR": 0.7,
  "DeltaBAR": 0.25,
  "clean_MAR": 0.8,
  "attack_MAR": 0.4,
  "chance_BAR": 0.5,
  "chance_MAR": 0.0625,
  "n_attempted": 5,
  "n_changed": 5,
  "n_syntax_valid": 5,
  "change_rate": 1.0,
  "syntax_valid_rate": 1.0,
  "paired_coverage": 1.0,
  "status_counts": {
    "no_op": 0,
    "syntax_invalid": 0,
    "execution_invalid": 0,
    "valid_attack": 5,
    "error": 0,
    "unclassified": 0
  },
  "bootstrap_95CI": {
    "clean_BAR": [
      0.85,
      1.0
    ],
    "attack_BAR": [
      0.35,
      0.95
    ],
    "DeltaBAR": [
      0.05,
      0.5
    ],
    "clean_MAR": [
      0.4,
      1.0
    ],
    "attack_MAR": [
      0.0,
      0.8
    ]
  }
}
