{
  "n_paired": 4,
  "n_bits": 4,
  "clean_BAR": 1.0,
  "attack_BAR": 0.6875,
  "DeltaBAR": 0.3125,
  "clean_MAR": 1.0,
  "attack_MAR": 0.5,
  "chance_BAR": 0.5,
  "chance_MAR": 0.0625,
  "n_attempted": 5,
  "n_changed": 5,
  "n_syntax_valid": 4,
  "change_rate": 1.0,
  "syntax_valid_rate": 0.8,
  "paired_coverage": 0.8,
  "status_counts": {
    "no_op": 0,
    "syntax_invalid": 1,
    "execution_invalid": 0,
    "valid_attack": 4,
    "error": 0,
    "unclassified": 0
  },
  "bootstrap_95CI": {
    "clean_BAR": [
      1.0,
      1.0
    ],
    "attack_BAR": [
      0.375,
      1.0
    ],
    "DeltaBAR": [
      0.0,
      0.625
    ],
    "clean_MAR": [
      1.0,
      1.0
    ],
    "attack_MAR": [
      0.0,
      1.0
    ]
  }
}
