{
  "n_paired": 3130,
  "n_bits": 4,
  "clean_BAR": 0.9868210862619808,
  "attack_BAR": 0.465814696485623,
  "DeltaBAR": 0.5210063897763578,
  "clean_MAR": 0.9661341853035144,
  "attack_MAR": 0.050798722044728434,
  "chance_BAR": 0.5,
  "chance_MAR": 0.0625,
  "n_attempted": 3150,
  "n_changed": 3130,
  "n_syntax_valid": 3130,
  "change_rate": 0.9936507936507937,
  "syntax_valid_rate": 0.9936507936507937,
  "paired_coverage": 0.9936507936507937,
  "status_counts": {
    "no_op": 0,
    "syntax_invalid": 20,
    "execution_invalid": 0,
    "valid_attack": 3130,
    "error": 0,
    "unclassified": 0
  },
  "bootstrap_95CI": {
    "clean_BAR": [
      0.9839456869009585,
      0.9895367412140575
    ],
    "attack_BAR": [
      0.45686900958466453,
      0.4747603833865815
    ],
    "DeltaBAR": [
      0.5116613418530351,
      0.5305111821086262
    ],
    "clean_MAR": [
      0.9597444089456869,
      0.9722044728434505
    ],
    "attack_MAR": [
      0.043450479233226834,
      0.05878594249201278
    ]
  }
}
