{
  "n_paired": 447,
  "n_bits": 4,
  "clean_BAR": 0.9608501118568232,
  "attack_BAR": 0.44854586129753915,
  "DeltaBAR": 0.5123042505592841,
  "clean_MAR": 0.883668903803132,
  "attack_MAR": 0.03803131991051454,
  "chance_BAR": 0.5,
  "chance_MAR": 0.0625,
  "n_attempted": 459,
  "n_changed": 447,
  "n_syntax_valid": 447,
  "change_rate": 0.9738562091503268,
  "syntax_valid_rate": 0.9738562091503268,
  "paired_coverage": 0.9738562091503268,
  "status_counts": {
    "no_op": 0,
    "syntax_invalid": 12,
    "execution_invalid": 0,
    "valid_attack": 447,
    "error": 0,
    "unclassified": 0
  },
  "bootstrap_95CI": {
    "clean_BAR": [
      0.9491051454138703,
      0.9714765100671141
    ],
    "attack_BAR": [
      0.4261744966442953,
      0.470917225950783
    ],
    "DeltaBAR": [
      0.4865771812080537,
      0.5380313199105146
    ],
    "clean_MAR": [
      0.8523489932885906,
      0.912751677852349
    ],
    "attack_MAR": [
      0.02237136465324385,
      0.05592841163310962
    ]
  }
}
