{
  "n_paired": 448,
  "n_bits": 4,
  "clean_BAR": 0.9380580357142857,
  "attack_BAR": 0.8091517857142857,
  "DeltaBAR": 0.12890625,
  "clean_MAR": 0.8147321428571429,
  "attack_MAR": 0.5625,
  "chance_BAR": 0.5,
  "chance_MAR": 0.0625,
  "n_attempted": 459,
  "n_changed": 448,
  "n_syntax_valid": 448,
  "change_rate": 0.9760348583877996,
  "syntax_valid_rate": 0.9760348583877996,
  "paired_coverage": 0.9760348583877996,
  "status_counts": {
    "no_op": 0,
    "syntax_invalid": 11,
    "execution_invalid": 0,
    "valid_attack": 448,
    "error": 0,
    "unclassified": 0
  },
  "bootstrap_95CI": {
    "clean_BAR": [
      0.9241071428571429,
      0.9508928571428571
    ],
    "attack_BAR": [
      0.7845982142857143,
      0.8331473214285714
    ],
    "DeltaBAR": [
      0.10714285714285714,
      0.15122767857142858
    ],
    "clean_MAR": [
      0.7767857142857143,
      0.8504464285714286
    ],
    "attack_MAR": [
      0.515625,
      0.6071428571428571
    ]
  }
}
