{
  "n_paired": 447,
  "n_bits": 4,
  "clean_BAR": 0.9608501118568232,
  "attack_BAR": 0.9619686800894854,
  "DeltaBAR": -0.0011185682326622093,
  "clean_MAR": 0.883668903803132,
  "attack_MAR": 0.8881431767337807,
  "chance_BAR": 0.5,
  "chance_MAR": 0.0625,
  "n_attempted": 459,
  "n_changed": 447,
  "n_syntax_valid": 447,
  "change_rate": 0.9738562091503268,
  "syntax_valid_rate": 0.9738562091503268,
  "paired_coverage": 0.9738562091503268,
  "status_counts": {
    "no_op": 0,
    "syntax_invalid": 12,
    "execution_invalid": 0,
    "valid_attack": 447,
    "error": 0,
    "unclassified": 0
  },
  "bootstrap_95CI": {
    "clean_BAR": [
      0.9491051454138703,
      0.9714765100671141
    ],
    "attack_BAR": [
      0.9502237136465325,
      0.9725950782997763
    ],
    "DeltaBAR": [
      -0.006152125279642058,
      0.0039149888143176735
    ],
    "clean_MAR": [
      0.8523489932885906,
      0.912751677852349
    ],
    "attack_MAR": [
      0.8568232662192393,
      0.9172259507829977
    ]
  }
}
