{
  "n_paired": 528,
  "n_bits": 4,
  "clean_BAR": 0.9389204545454546,
  "attack_BAR": 0.47301136363636365,
  "DeltaBAR": 0.46590909090909094,
  "clean_MAR": 0.8181818181818182,
  "attack_MAR": 0.08143939393939394,
  "chance_BAR": 0.5,
  "chance_MAR": 0.0625,
  "n_attempted": 551,
  "n_changed": 528,
  "n_syntax_valid": 528,
  "change_rate": 0.9582577132486388,
  "syntax_valid_rate": 0.9582577132486388,
  "paired_coverage": 0.9582577132486388,
  "status_counts": {
    "no_op": 0,
    "syntax_invalid": 23,
    "execution_invalid": 0,
    "valid_attack": 528,
    "error": 0,
    "unclassified": 0
  },
  "bootstrap_95CI": {
    "clean_BAR": [
      0.9261363636363636,
      0.9507575757575758
    ],
    "attack_BAR": [
      0.4493371212121212,
      0.4966856060606061
    ],
    "DeltaBAR": [
      0.440329071969697,
      0.49195075757575757
    ],
    "clean_MAR": [
      0.7859848484848485,
      0.8503787878787878
    ],
    "attack_MAR": [
      0.058712121212121215,
      0.10606060606060606
    ]
  }
}
