{
  "n_paired": 3130,
  "n_bits": 4,
  "clean_BAR": 0.9808306709265175,
  "attack_BAR": 0.9804313099041534,
  "DeltaBAR": 0.00039936102236415305,
  "clean_MAR": 0.9498402555910543,
  "attack_MAR": 0.9485623003194888,
  "chance_BAR": 0.5,
  "chance_MAR": 0.0625,
  "n_attempted": 3150,
  "n_changed": 3130,
  "n_syntax_valid": 3130,
  "change_rate": 0.9936507936507937,
  "syntax_valid_rate": 0.9936507936507937,
  "paired_coverage": 0.9936507936507937,
  "status_counts": {
    "no_op": 0,
    "syntax_invalid": 20,
    "execution_invalid": 0,
    "valid_attack": 3130,
    "error": 0,
    "unclassified": 0
  },
  "bootstrap_95CI": {
    "clean_BAR": [
      0.9774760383386581,
      0.9840255591054313
    ],
    "attack_BAR": [
      0.9770766773162939,
      0.9836261980830671
    ],
    "DeltaBAR": [
      -0.00039936102236421724,
      0.0011980830670926517
    ],
    "clean_MAR": [
      0.94185303514377,
      0.9571964856230031
    ],
    "attack_MAR": [
      0.9405750798722045,
      0.9562300319488818
    ]
  }
}
