{
  "n_paired": 10070,
  "n_bits": 4,
  "clean_BAR": 0.9801390268123138,
  "attack_BAR": 0.5443644488579941,
  "DeltaBAR": 0.43577457795431973,
  "clean_MAR": 0.9325719960278054,
  "attack_MAR": 0.11360476663356504,
  "chance_BAR": 0.5,
  "chance_MAR": 0.0625,
  "n_attempted": 10535,
  "n_changed": 10070,
  "n_syntax_valid": 10070,
  "change_rate": 0.9558614143331752,
  "syntax_valid_rate": 0.9558614143331752,
  "paired_coverage": 0.9558614143331752,
  "status_counts": {
    "no_op": 0,
    "syntax_invalid": 465,
    "execution_invalid": 0,
    "valid_attack": 10070,
    "error": 0,
    "unclassified": 0
  },
  "bootstrap_95CI": {
    "clean_BAR": [
      0.9785749751737836,
      0.9816782522343594
    ],
    "attack_BAR": [
      0.539175148957299,
      0.5494792701092353
    ],
    "DeltaBAR": [
      0.43036246276067525,
      0.44123634558093344
    ],
    "clean_MAR": [
      0.9277060575968222,
      0.9373386295928501
    ],
    "attack_MAR": [
      0.10744786494538232,
      0.11976166832174777
    ]
  }
}
