{
  "n_paired": 10072,
  "n_bits": 4,
  "clean_BAR": 0.9734164019062749,
  "attack_BAR": 0.9736149722001588,
  "DeltaBAR": -0.00019857029388392622,
  "clean_MAR": 0.931989674344718,
  "attack_MAR": 0.9327839555202542,
  "chance_BAR": 0.5,
  "chance_MAR": 0.0625,
  "n_attempted": 10535,
  "n_changed": 10072,
  "n_syntax_valid": 10072,
  "change_rate": 0.9560512577123873,
  "syntax_valid_rate": 0.9560512577123873,
  "paired_coverage": 0.9560512577123873,
  "status_counts": {
    "no_op": 0,
    "syntax_invalid": 463,
    "execution_invalid": 0,
    "valid_attack": 10072,
    "error": 0,
    "unclassified": 0
  },
  "bootstrap_95CI": {
    "clean_BAR": [
      0.9712569499602859,
      0.9755758538522638
    ],
    "attack_BAR": [
      0.9714306989674345,
      0.9757496028594123
    ],
    "DeltaBAR": [
      -0.0005212470214455917,
      9.928514694201747e-05
    ],
    "clean_MAR": [
      0.9270254169976172,
      0.9368546465448769
    ],
    "attack_MAR": [
      0.9278196981731534,
      0.937648927720413
    ]
  }
}
