{
  "n_paired": 528,
  "n_bits": 4,
  "clean_BAR": 0.9389204545454546,
  "attack_BAR": 0.9384469696969697,
  "DeltaBAR": 0.00047348484848486194,
  "clean_MAR": 0.8181818181818182,
  "attack_MAR": 0.8181818181818182,
  "chance_BAR": 0.5,
  "chance_MAR": 0.0625,
  "n_attempted": 551,
  "n_changed": 528,
  "n_syntax_valid": 528,
  "change_rate": 0.9582577132486388,
  "syntax_valid_rate": 0.9582577132486388,
  "paired_coverage": 0.9582577132486388,
  "status_counts": {
    "no_op": 0,
    "syntax_invalid": 23,
    "execution_invalid": 0,
    "valid_attack": 528,
    "error": 0,
    "unclassified": 0
  },
  "bootstrap_95CI": {
    "clean_BAR": [
      0.9261363636363636,
      0.9507575757575758
    ],
    "attack_BAR": [
      0.9256628787878788,
      0.9502840909090909
    ],
    "DeltaBAR": [
      0.0,
      0.0014204545454545455
    ],
    "clean_MAR": [
      0.7859848484848485,
      0.8503787878787878
    ],
    "attack_MAR": [
      0.7859848484848485,
      0.8503787878787878
    ]
  }
}
