===== BEGIN @ 20260914_125550 =====
[INFO] Project dir:        /home/zhaorz/project/CodeWM/CodeWM_ProWES_Logits/reproduct/units/p12_video_player/cpp/attempts/0001_seed_1700920662/p12_video_player_cpp/p12_video_player_cpp
[INFO] Container name:    CodeWM-DT
[INFO] In-container dir:  /workspace/proj_20260914_125550
[INFO] Output dir:        /home/zhaorz/project/CodeWM/CodeWM_ProWES_Logits/reproduct/units/p12_video_player/cpp/attempts/0001_seed_1700920662/p12_video_player_cpp/p12_video_player_cpp/DTResults/out_20260914_125550
[INFO] Wrapper log:       /home/zhaorz/project/CodeWM/CodeWM_ProWES_Logits/reproduct/units/p12_video_player/cpp/attempts/0001_seed_1700920662/p12_video_player_cpp/p12_video_player_cpp/DTResults/out_20260914_125550/host_wrapper_20260914_125550.log
[INFO] Time limit:        300s (kill-after 5s)
[INFO] Install limit:     300s
[INFO] Build limit:       300s
[INFO] Test limit:        30s
[INFO] Run check:         5s (kill-after 2s)
[INFO] Runtime output thresholds: bytes=262144, lines=200, same_line=30, consecutive_same_line=10
[INFO] CPU busy check:    1
[INFO] Hard eval timeout: 420s (kill-after 10s)
[INFO] HTTP_PROXY:        http://127.0.0.1:7890
[INFO] HTTPS_PROXY:       http://127.0.0.1:7890
[INFO] NO_PROXY:          localhost,::1,127.0.0.1
[INFO] PIP_INDEX_URL:     <empty>
[INFO] ENABLE_MAVEN_PROXY_CONFIG: 1
[INFO] MAVEN_PROXY_HTTP:  192.168.129.183:7897
[INFO] MAVEN_PROXY_HTTPS: 192.168.129.183:7897

[INFO] Xvfb is ready in container 'CodeWM-DT'.
>>> Copy project into container: /home/zhaorz/project/CodeWM/CodeWM_ProWES_Logits/reproduct/units/p12_video_player/cpp/attempts/0001_seed_1700920662/p12_video_player_cpp/p12_video_player_cpp -> CodeWM-DT:/workspace/proj_20260914_125550
>>> Write Maven proxy config to container
>>> Run evaluator in container
[INFO] Detected protocol: cpp
>>> Protocol detected: C++
>>> Configuring CMake project
[INFO] Build timeout limit: 300s (kill-after 5s)
-- The CXX compiler identification is GNU 11.4.0
-- Detecting CXX compiler ABI info
-- Detecting CXX compiler ABI info - done
-- Check for working CXX compiler: /usr/bin/g++ - skipped
-- Detecting CXX compile features
-- Detecting CXX compile features - done
-- Configuring done
-- Generating done
-- Build files have been written to: /workspace/proj_20260914_125550/build
>>> Building C++ project
[INFO] Build timeout limit: 300s (kill-after 5s)
[  8%] Building CXX object CMakeFiles/video_player_lib.dir/src/Time/ManualClock.cpp.o
[ 33%] Building CXX object CMakeFiles/video_player_lib.dir/src/Player/Player.cpp.o
[ 33%] Building CXX object CMakeFiles/video_player_lib.dir/src/Media/MediaMetadata.cpp.o
[ 41%] Building CXX object CMakeFiles/video_player_lib.dir/src/Main.cpp.o
[ 41%] Building CXX object CMakeFiles/video_player_lib.dir/src/Playlist/Playlist.cpp.o
[ 50%] Building CXX object CMakeFiles/video_player_lib.dir/src/Runtime/App.cpp.o
[ 58%] Building CXX object CMakeFiles/video_player_lib.dir/src/Time/MonotonicClock.cpp.o
[ 66%] Linking CXX static library libvideo_player_lib.a
[ 66%] Built target video_player_lib
[ 75%] Building CXX object CMakeFiles/video_player_demo.dir/src/Main.cpp.o
[ 83%] Building CXX object CMakeFiles/video_player_tests.dir/tests/test_main.cpp.o
[ 91%] Linking CXX executable video_player_demo
[ 91%] Built target video_player_demo
[100%] Linking CXX executable video_player_tests
[100%] Built target video_player_tests
>>> Running CTest
[INFO] Test timeout limit: 30s (kill-after 5s)
Internal ctest changing into directory: /workspace/proj_20260914_125550/build
Test project /workspace/proj_20260914_125550/build
    Start 1: video_player_tests
1/1 Test #1: video_player_tests ...............   Passed    0.00 sec

100% tests passed, 0 tests failed out of 1

Total Test time (real) =   0.00 sec
>>> Packaging C++ runnable binary
>>> C++ packaged artifact:
-rwxr-xr-x 1 root root 24384 Sep 14 12:55 /workspace/proj_20260914_125550/DTResults/artifacts/proj_20260914_125550
>>> Running packaged artifact smart runtime check (5s)
[INFO] Runtime command: '/workspace/proj_20260914_125550/DTResults/artifacts/proj_20260914_125550'
[INFO] Runtime output is captured in: /workspace/proj_20260914_125550/DTResults/runtime/cpp.log
[INFO] Runtime thresholds: max_bytes=262144, max_lines=200, max_same_line=30, max_consecutive_same_line=10, cpu_busy_check=1
[INFO] Packaged artifact exited normally during runtime check.
[INFO] Runtime log is empty: /workspace/proj_20260914_125550/DTResults/runtime/cpp.log
[RUNTIME_STATUS] {"phase":"runtime_check","status":"success","reason":"normal_exit","exit_code":0,"output_bytes":0,"output_lines":0,"max_same_line":0,"max_consecutive_same_line":0,"cpu_busy_samples":0}
[INFO] Evaluation, packaging, and smart runtime check finished successfully.
[INFO] Packaged artifacts are stored in: /workspace/proj_20260914_125550/DTResults/artifacts
>>> Cleanup possible leftover processes in container
[INFO] No leftover project-scoped processes found.
>>> Copy evaluation results back to host

===== DONE =====
Artifacts in: /home/zhaorz/project/CodeWM/CodeWM_ProWES_Logits/reproduct/units/p12_video_player/cpp/attempts/0001_seed_1700920662/p12_video_player_cpp/p12_video_player_cpp/DTResults/out_20260914_125550
Packaged runnable artifacts should be under: /home/zhaorz/project/CodeWM/CodeWM_ProWES_Logits/reproduct/units/p12_video_player/cpp/attempts/0001_seed_1700920662/p12_video_player_cpp/p12_video_player_cpp/DTResults/out_20260914_125550/artifacts
Container evaluation log should be under: /home/zhaorz/project/CodeWM/CodeWM_ProWES_Logits/reproduct/units/p12_video_player/cpp/attempts/0001_seed_1700920662/p12_video_player_cpp/p12_video_player_cpp/DTResults/out_20260914_125550/evaluation.log
Wrapper log : /home/zhaorz/project/CodeWM/CodeWM_ProWES_Logits/reproduct/units/p12_video_player/cpp/attempts/0001_seed_1700920662/p12_video_player_cpp/p12_video_player_cpp/DTResults/out_20260914_125550/host_wrapper_20260914_125550.log
