===== BEGIN @ 20260914_144601 =====
[INFO] Project dir:        /home/zhaorz/project/CodeWM/CodeWM_ProWES_Logits/reproduct/units/p07_calculator/python/attempts/0001_seed_2130722843/p07_calculator_python/p07_calculator_python
[INFO] Container name:    CodeWM-DT
[INFO] In-container dir:  /workspace/proj_20260914_144601
[INFO] Output dir:        /home/zhaorz/project/CodeWM/CodeWM_ProWES_Logits/reproduct/units/p07_calculator/python/attempts/0001_seed_2130722843/p07_calculator_python/p07_calculator_python/DTResults/out_20260914_144601
[INFO] Wrapper log:       /home/zhaorz/project/CodeWM/CodeWM_ProWES_Logits/reproduct/units/p07_calculator/python/attempts/0001_seed_2130722843/p07_calculator_python/p07_calculator_python/DTResults/out_20260914_144601/host_wrapper_20260914_144601.log
[INFO] Time limit:        300s (kill-after 5s)
[INFO] Install limit:     300s
[INFO] Build limit:       300s
[INFO] Test limit:        30s
[INFO] Run check:         5s (kill-after 2s)
[INFO] Runtime output thresholds: bytes=262144, lines=200, same_line=30, consecutive_same_line=10
[INFO] CPU busy check:    1
[INFO] Hard eval timeout: 420s (kill-after 10s)
[INFO] HTTP_PROXY:        http://127.0.0.1:7890
[INFO] HTTPS_PROXY:       http://127.0.0.1:7890
[INFO] NO_PROXY:          localhost,::1,127.0.0.1
[INFO] PIP_INDEX_URL:     <empty>
[INFO] ENABLE_MAVEN_PROXY_CONFIG: 1
[INFO] MAVEN_PROXY_HTTP:  192.168.129.183:7897
[INFO] MAVEN_PROXY_HTTPS: 192.168.129.183:7897

[INFO] Xvfb is ready in container 'CodeWM-DT'.
>>> Copy project into container: /home/zhaorz/project/CodeWM/CodeWM_ProWES_Logits/reproduct/units/p07_calculator/python/attempts/0001_seed_2130722843/p07_calculator_python/p07_calculator_python -> CodeWM-DT:/workspace/proj_20260914_144601
>>> Write Maven proxy config to container
>>> Run evaluator in container
[INFO] Detected protocol: python
>>> Protocol detected: PYTHON
>>> Installing Python dependencies
[INFO] Install timeout limit: 300s (kill-after 5s)
Requirement already satisfied: pytest in /usr/local/lib/python3.10/dist-packages (from -r requirements.txt (line 1)) (7.4.4)
Requirement already satisfied: iniconfig in /usr/local/lib/python3.10/dist-packages (from pytest->-r requirements.txt (line 1)) (2.3.0)
Requirement already satisfied: packaging in /usr/local/lib/python3.10/dist-packages (from pytest->-r requirements.txt (line 1)) (26.2)
Requirement already satisfied: pluggy<2.0,>=0.12 in /usr/local/lib/python3.10/dist-packages (from pytest->-r requirements.txt (line 1)) (1.6.0)
Requirement already satisfied: exceptiongroup>=1.0.0rc8 in /usr/local/lib/python3.10/dist-packages (from pytest->-r requirements.txt (line 1)) (1.3.1)
Requirement already satisfied: tomli>=1.0.0 in /usr/local/lib/python3.10/dist-packages (from pytest->-r requirements.txt (line 1)) (2.4.1)
Requirement already satisfied: typing-extensions>=4.6.0 in /usr/local/lib/python3.10/dist-packages (from exceptiongroup>=1.0.0rc8->pytest->-r requirements.txt (line 1)) (4.16.0)
>>> Running pytest
[INFO] Test timeout limit: 30s (kill-after 5s)
FF.                                                                      [100%]
=================================== FAILURES ===================================
_______________ test_run_demo_returns_dict_and_evaluate_correct ________________

    def test_run_demo_returns_dict_and_evaluate_correct():
        """Test that run_demo returns a dict and evaluate produces correct results."""
        # Test run_demo returns a dict
>       result = run_demo()

tests/test_main.py:10: 
_ _ _ _ _ _ _ _ _ _ _ _ _ _ _ _ _ _ _ _ _ _ _ _ _ _ _ _ _ _ _ _ _ _ _ _ _ _ _ _ 
Main.py:17: in run_demo
    result = evaluate(expression, history)
calculator/api.py:46: in evaluate
    rpn_tokens = to_rpn(tokens)
_ _ _ _ _ _ _ _ _ _ _ _ _ _ _ _ _ _ _ _ _ _ _ _ _ _ _ _ _ _ _ _ _ _ _ _ _ _ _ _ 

tokens = [<calculator.tokenizer.LParenToken object at 0x7f905be63ee0>, <calculator.tokenizer.NumberToken object at 0x7f905be63d...lculator.tokenizer.RParenToken object at 0x7f905be62d70>, <calculator.tokenizer.OpToken object at 0x7f905be62b30>, ...]

    def to_rpn(tokens: List[Token]) -> List[Token]:
        """Convert a list of tokens to Reverse Polish Notation (RPN) using shunting-yard algorithm.
    
        Args:
            tokens: List of tokens representing an arithmetic expression.
    
        Returns:
            List of tokens in RPN order.
    
        Raises:
            ParseError: If the expression has mismatched parentheses or other structural issues.
        """
        output: List[Token] = []
        operator_stack: List[Token] = []
    
        # Define operator precedence
        precedence = {'+': 1, '-': 1, '*': 2, '/': 2}
    
        # Define right-associative operators
        right_associative = set()
    
        for token in tokens:
            if isinstance(token, NumberToken):
                output.append(token)
            elif isinstance(token, OpToken):
                op = token.op
                # While there is an operator at the top of the stack with greater precedence,
                # or equal precedence and left-associative, pop it to output
                while (operator_stack and
                       operator_stack[-1] != LParenToken() and
>                      precedence.get(operator_stack[-1].op, 0) >= precedence.get(op, 0) and
                       op not in right_associative):
E                      AttributeError: 'LParenToken' object has no attribute 'op'

calculator/engine.py:38: AttributeError
________________________ test_history_and_tokenization _________________________

    def test_history_and_tokenization():
        """Test history recording and tokenization count."""
        # Create a history and evaluate an expression
        history = History()
>       evaluate("(1 + 2) * 3", history)

tests/test_main.py:21: 
_ _ _ _ _ _ _ _ _ _ _ _ _ _ _ _ _ _ _ _ _ _ _ _ _ _ _ _ _ _ _ _ _ _ _ _ _ _ _ _ 
calculator/api.py:46: in evaluate
    rpn_tokens = to_rpn(tokens)
_ _ _ _ _ _ _ _ _ _ _ _ _ _ _ _ _ _ _ _ _ _ _ _ _ _ _ _ _ _ _ _ _ _ _ _ _ _ _ _ 

tokens = [<calculator.tokenizer.LParenToken object at 0x7f905bf80eb0>, <calculator.tokenizer.NumberToken object at 0x7f905bf80e...lculator.tokenizer.RParenToken object at 0x7f905bf81540>, <calculator.tokenizer.OpToken object at 0x7f905bf81630>, ...]

    def to_rpn(tokens: List[Token]) -> List[Token]:
        """Convert a list of tokens to Reverse Polish Notation (RPN) using shunting-yard algorithm.
    
        Args:
            tokens: List of tokens representing an arithmetic expression.
    
        Returns:
            List of tokens in RPN order.
    
        Raises:
            ParseError: If the expression has mismatched parentheses or other structural issues.
        """
        output: List[Token] = []
        operator_stack: List[Token] = []
    
        # Define operator precedence
        precedence = {'+': 1, '-': 1, '*': 2, '/': 2}
    
        # Define right-associative operators
        right_associative = set()
    
        for token in tokens:
            if isinstance(token, NumberToken):
                output.append(token)
            elif isinstance(token, OpToken):
                op = token.op
                # While there is an operator at the top of the stack with greater precedence,
                # or equal precedence and left-associative, pop it to output
                while (operator_stack and
                       operator_stack[-1] != LParenToken() and
>                      precedence.get(operator_stack[-1].op, 0) >= precedence.get(op, 0) and
                       op not in right_associative):
E                      AttributeError: 'LParenToken' object has no attribute 'op'

calculator/engine.py:38: AttributeError
=========================== short test summary info ============================
FAILED tests/test_main.py::test_run_demo_returns_dict_and_evaluate_correct - ...
FAILED tests/test_main.py::test_history_and_tokenization - AttributeError: 'L...
2 failed, 1 passed in 0.04s
[WARN] Evaluation failed with exit code: 1
>>> Cleanup possible leftover processes in container
[INFO] No leftover project-scoped processes found.
>>> Copy evaluation results back to host

===== DONE =====
Artifacts in: /home/zhaorz/project/CodeWM/CodeWM_ProWES_Logits/reproduct/units/p07_calculator/python/attempts/0001_seed_2130722843/p07_calculator_python/p07_calculator_python/DTResults/out_20260914_144601
Packaged runnable artifacts should be under: /home/zhaorz/project/CodeWM/CodeWM_ProWES_Logits/reproduct/units/p07_calculator/python/attempts/0001_seed_2130722843/p07_calculator_python/p07_calculator_python/DTResults/out_20260914_144601/artifacts
Container evaluation log should be under: /home/zhaorz/project/CodeWM/CodeWM_ProWES_Logits/reproduct/units/p07_calculator/python/attempts/0001_seed_2130722843/p07_calculator_python/p07_calculator_python/DTResults/out_20260914_144601/evaluation.log
Wrapper log : /home/zhaorz/project/CodeWM/CodeWM_ProWES_Logits/reproduct/units/p07_calculator/python/attempts/0001_seed_2130722843/p07_calculator_python/p07_calculator_python/DTResults/out_20260914_144601/host_wrapper_20260914_144601.log
