===== BEGIN @ 20260914_184010 =====
[INFO] Project dir:        /home/zhaorz/project/CodeWM/CodeWM_ProWES_Logits/reproduct/units/p11_custom_press_releases/cpp/replays/0001_seed_1221104095/p11_custom_press_releases_cpp/p11_custom_press_releases_cpp
[INFO] Container name:    CodeWM-DT
[INFO] In-container dir:  /workspace/proj_20260914_184010
[INFO] Output dir:        /home/zhaorz/project/CodeWM/CodeWM_ProWES_Logits/reproduct/units/p11_custom_press_releases/cpp/replays/0001_seed_1221104095/p11_custom_press_releases_cpp/p11_custom_press_releases_cpp/DTResults/out_20260914_184010
[INFO] Wrapper log:       /home/zhaorz/project/CodeWM/CodeWM_ProWES_Logits/reproduct/units/p11_custom_press_releases/cpp/replays/0001_seed_1221104095/p11_custom_press_releases_cpp/p11_custom_press_releases_cpp/DTResults/out_20260914_184010/host_wrapper_20260914_184010.log
[INFO] Time limit:        300s (kill-after 5s)
[INFO] Install limit:     300s
[INFO] Build limit:       300s
[INFO] Test limit:        30s
[INFO] Run check:         5s (kill-after 2s)
[INFO] Runtime output thresholds: bytes=262144, lines=200, same_line=30, consecutive_same_line=10
[INFO] CPU busy check:    1
[INFO] Hard eval timeout: 420s (kill-after 10s)
[INFO] HTTP_PROXY:        http://127.0.0.1:7890
[INFO] HTTPS_PROXY:       http://127.0.0.1:7890
[INFO] NO_PROXY:          127.0.0.1,::1,localhost
[INFO] PIP_INDEX_URL:     <empty>
[INFO] ENABLE_MAVEN_PROXY_CONFIG: 1
[INFO] MAVEN_PROXY_HTTP:  192.168.129.183:7897
[INFO] MAVEN_PROXY_HTTPS: 192.168.129.183:7897

[INFO] Xvfb is ready in container 'CodeWM-DT'.
>>> Copy project into container: /home/zhaorz/project/CodeWM/CodeWM_ProWES_Logits/reproduct/units/p11_custom_press_releases/cpp/replays/0001_seed_1221104095/p11_custom_press_releases_cpp/p11_custom_press_releases_cpp -> CodeWM-DT:/workspace/proj_20260914_184010
>>> Write Maven proxy config to container
>>> Run evaluator in container
[INFO] Detected protocol: cpp
>>> Protocol detected: C++
>>> Configuring CMake project
[INFO] Build timeout limit: 300s (kill-after 5s)
-- The C compiler identification is GNU 11.4.0
-- The CXX compiler identification is GNU 11.4.0
-- Detecting C compiler ABI info
-- Detecting C compiler ABI info - done
-- Check for working C compiler: /usr/bin/gcc - skipped
-- Detecting C compile features
-- Detecting C compile features - done
-- Detecting CXX compiler ABI info
-- Detecting CXX compiler ABI info - done
-- Check for working CXX compiler: /usr/bin/g++ - skipped
-- Detecting CXX compile features
-- Detecting CXX compile features - done
-- Configuring done
-- Generating done
-- Build files have been written to: /workspace/proj_20260914_184010/build
>>> Building C++ project
[INFO] Build timeout limit: 300s (kill-after 5s)
[  8%] Building CXX object CMakeFiles/press_release_lib.dir/src/Clock.cpp.o
[ 16%] Building CXX object CMakeFiles/press_release_lib.dir/src/TemplateEngine.cpp.o
[ 25%] Building CXX object CMakeFiles/press_release_lib.dir/src/VersionHistory.cpp.o
[ 41%] Building CXX object CMakeFiles/press_release_lib.dir/src/PressRelease.cpp.o
[ 50%] Building CXX object CMakeFiles/press_release_lib.dir/src/Renderer.cpp.o
[ 50%] Building CXX object CMakeFiles/press_release_lib.dir/src/Validator.cpp.o
[ 58%] Building CXX object CMakeFiles/press_release_lib.dir/src/SearchIndex.cpp.o
[ 66%] Linking CXX static library libpress_release_lib.a
[ 66%] Built target press_release_lib
[ 75%] Building CXX object CMakeFiles/press_release_test.dir/tests/test_main.cpp.o
[ 83%] Building CXX object CMakeFiles/press_release_demo.dir/src/Main.cpp.o
[ 91%] Linking CXX executable press_release_demo
[100%] Linking CXX executable press_release_test
[100%] Built target press_release_demo
[100%] Built target press_release_test
>>> Running CTest
[INFO] Test timeout limit: 30s (kill-after 5s)
Internal ctest changing into directory: /workspace/proj_20260914_184010/build
Test project /workspace/proj_20260914_184010/build
    Start 1: press_release_test
1/1 Test #1: press_release_test ...............   Passed    0.00 sec

100% tests passed, 0 tests failed out of 1

Total Test time (real) =   0.00 sec
>>> Packaging C++ runnable binary
>>> C++ packaged artifact:
-rwxr-xr-x 1 root root 235016 Sep 14 18:40 /workspace/proj_20260914_184010/DTResults/artifacts/proj_20260914_184010
>>> Running packaged artifact smart runtime check (5s)
[INFO] Runtime command: '/workspace/proj_20260914_184010/DTResults/artifacts/proj_20260914_184010'
[INFO] Runtime output is captured in: /workspace/proj_20260914_184010/DTResults/runtime/cpp.log
[INFO] Runtime thresholds: max_bytes=262144, max_lines=200, max_same_line=30, max_consecutive_same_line=10, cpu_busy_check=1
[INFO] Packaged artifact exited normally during runtime check.
[INFO] Runtime log sample follows: /workspace/proj_20260914_184010/DTResults/runtime/cpp.log
----- BEGIN runtime log tail (40 lines) -----
Submitted for review: true
Published: true

Rendered Output:
Press Release ID: PR-001
Headline: Company Announces Q4 Results
Body: The company reported strong financial performance for the fourth quarter...
Contact: {{contact.name}} ({{contact.email}}, {{contact.phone}})
Tags: finance

Search Results (1 found):
- ID: PR-001, Headline: Company Announces Q4 Results

Version History:
2024-01-02T10:00:00Z - set headline
2024-01-02T10:00:00Z - set body
2024-01-02T10:00:00Z - set contact
2024-01-02T10:00:00Z - add tag
2024-01-02T10:00:00Z - submit for review
2024-01-02T10:00:00Z - publish
----- END runtime log tail -----
[RUNTIME_STATUS] {"phase":"runtime_check","status":"success","reason":"normal_exit","exit_code":0,"output_bytes":590,"output_lines":20,"max_same_line":1,"max_consecutive_same_line":1,"cpu_busy_samples":0}
[INFO] Evaluation, packaging, and smart runtime check finished successfully.
[INFO] Packaged artifacts are stored in: /workspace/proj_20260914_184010/DTResults/artifacts
>>> Cleanup possible leftover processes in container
[INFO] No leftover project-scoped processes found.
>>> Copy evaluation results back to host

===== DONE =====
Artifacts in: /home/zhaorz/project/CodeWM/CodeWM_ProWES_Logits/reproduct/units/p11_custom_press_releases/cpp/replays/0001_seed_1221104095/p11_custom_press_releases_cpp/p11_custom_press_releases_cpp/DTResults/out_20260914_184010
Packaged runnable artifacts should be under: /home/zhaorz/project/CodeWM/CodeWM_ProWES_Logits/reproduct/units/p11_custom_press_releases/cpp/replays/0001_seed_1221104095/p11_custom_press_releases_cpp/p11_custom_press_releases_cpp/DTResults/out_20260914_184010/artifacts
Container evaluation log should be under: /home/zhaorz/project/CodeWM/CodeWM_ProWES_Logits/reproduct/units/p11_custom_press_releases/cpp/replays/0001_seed_1221104095/p11_custom_press_releases_cpp/p11_custom_press_releases_cpp/DTResults/out_20260914_184010/evaluation.log
Wrapper log : /home/zhaorz/project/CodeWM/CodeWM_ProWES_Logits/reproduct/units/p11_custom_press_releases/cpp/replays/0001_seed_1221104095/p11_custom_press_releases_cpp/p11_custom_press_releases_cpp/DTResults/out_20260914_184010/host_wrapper_20260914_184010.log
