===== BEGIN @ 20260913_154939 =====
[INFO] Project dir:        /home/zhaorz/project/CodeWM/CodeWM_ProWES_Logits/reproduct/units/p03_game_2048/python/attempts/0001_seed_3935857006/p03_game_2048_python/p03_game_2048_python
[INFO] Container name:    CodeWM-DT
[INFO] In-container dir:  /workspace/proj_20260913_154939
[INFO] Output dir:        /home/zhaorz/project/CodeWM/CodeWM_ProWES_Logits/reproduct/units/p03_game_2048/python/attempts/0001_seed_3935857006/p03_game_2048_python/p03_game_2048_python/DTResults/out_20260913_154939
[INFO] Wrapper log:       /home/zhaorz/project/CodeWM/CodeWM_ProWES_Logits/reproduct/units/p03_game_2048/python/attempts/0001_seed_3935857006/p03_game_2048_python/p03_game_2048_python/DTResults/out_20260913_154939/host_wrapper_20260913_154939.log
[INFO] Time limit:        300s (kill-after 5s)
[INFO] Install limit:     300s
[INFO] Build limit:       300s
[INFO] Test limit:        30s
[INFO] Run check:         5s (kill-after 2s)
[INFO] Runtime output thresholds: bytes=262144, lines=200, same_line=30, consecutive_same_line=10
[INFO] CPU busy check:    1
[INFO] Hard eval timeout: 420s (kill-after 10s)
[INFO] HTTP_PROXY:        http://127.0.0.1:7890
[INFO] HTTPS_PROXY:       http://127.0.0.1:7890
[INFO] NO_PROXY:          127.0.0.1,::1,localhost
[INFO] PIP_INDEX_URL:     <empty>
[INFO] ENABLE_MAVEN_PROXY_CONFIG: 1
[INFO] MAVEN_PROXY_HTTP:  192.168.129.183:7897
[INFO] MAVEN_PROXY_HTTPS: 192.168.129.183:7897

[INFO] Xvfb is ready in container 'CodeWM-DT'.
>>> Copy project into container: /home/zhaorz/project/CodeWM/CodeWM_ProWES_Logits/reproduct/units/p03_game_2048/python/attempts/0001_seed_3935857006/p03_game_2048_python/p03_game_2048_python -> CodeWM-DT:/workspace/proj_20260913_154939
>>> Write Maven proxy config to container
>>> Run evaluator in container
[INFO] Detected protocol: python
>>> Protocol detected: PYTHON
>>> Installing Python dependencies
[INFO] Install timeout limit: 300s (kill-after 5s)
>>> Running pytest
[INFO] Test timeout limit: 30s (kill-after 5s)
F.                                                                       [100%]
=================================== FAILURES ===================================
_________________________ test_move_line_left_fixtures _________________________

    def test_move_line_left_fixtures():
        """Test the canonical move_line_left function with various inputs."""
        # Test case 1: No merge needed
        result, score = move_line_left([2, 4, 8, 16])
        assert result == [2, 4, 8, 16]
        assert score == 0
    
        # Test case 2: Single merge
        result, score = move_line_left([2, 2, 4, 8])
        assert result == [4, 4, 8, 0]
        assert score == 4
    
        # Test case 3: Multiple merges
        result, score = move_line_left([2, 2, 2, 2])
        assert result == [4, 4, 0, 0]
        assert score == 8
    
        # Test case 4: Merge with gaps
        result, score = move_line_left([4, 0, 4, 0])
        assert result == [8, 0, 0, 0]
        assert score == 8
    
        # Test case 5: Merge and shift
        result, score = move_line_left([0, 0, 2, 2])
        assert result == [4, 0, 0, 0]
        assert score == 4
    
        # Test case 6: Padding to length 4
        result, score = move_line_left([2, 2])
        assert result == [4, 0, 0, 0]
        assert score == 4
    
        # Test case 7: All zeros
        result, score = move_line_left([0, 0, 0, 0])
        assert result == [0, 0, 0, 0]
        assert score == 0
    
        # Test case 8: Single element
        result, score = move_line_left([4])
        assert result == [4, 0, 0, 0]
        assert score == 0
    
        # Test case 9: Skip after merge (consecutive equal elements)
        result, score = move_line_left([2, 2, 4, 4])
>       assert result == [4, 4, 4, 0]
E       assert [4, 8, 0, 0] == [4, 4, 4, 0]
E         At index 1 diff: 8 != 4
E         Use -v to get more diff

tests/test_main.py:52: AssertionError
=========================== short test summary info ============================
FAILED tests/test_main.py::test_move_line_left_fixtures - assert [4, 8, 0, 0]...
1 failed, 1 passed in 0.04s
[WARN] Evaluation failed with exit code: 1
>>> Cleanup possible leftover processes in container
[INFO] No leftover project-scoped processes found.
>>> Copy evaluation results back to host

===== DONE =====
Artifacts in: /home/zhaorz/project/CodeWM/CodeWM_ProWES_Logits/reproduct/units/p03_game_2048/python/attempts/0001_seed_3935857006/p03_game_2048_python/p03_game_2048_python/DTResults/out_20260913_154939
Packaged runnable artifacts should be under: /home/zhaorz/project/CodeWM/CodeWM_ProWES_Logits/reproduct/units/p03_game_2048/python/attempts/0001_seed_3935857006/p03_game_2048_python/p03_game_2048_python/DTResults/out_20260913_154939/artifacts
Container evaluation log should be under: /home/zhaorz/project/CodeWM/CodeWM_ProWES_Logits/reproduct/units/p03_game_2048/python/attempts/0001_seed_3935857006/p03_game_2048_python/p03_game_2048_python/DTResults/out_20260913_154939/evaluation.log
Wrapper log : /home/zhaorz/project/CodeWM/CodeWM_ProWES_Logits/reproduct/units/p03_game_2048/python/attempts/0001_seed_3935857006/p03_game_2048_python/p03_game_2048_python/DTResults/out_20260913_154939/host_wrapper_20260913_154939.log
