===== BEGIN @ 20260914_212818 =====
[INFO] Project dir:        /home/zhaorz/project/CodeWM/CodeWM_ProWES_Logits/reproduct/units/p13_video_downloader/python/attempts/0006_seed_3217077734/p13_video_downloader_python/p13_video_downloader_python
[INFO] Container name:    CodeWM-DT
[INFO] In-container dir:  /workspace/proj_20260914_212818
[INFO] Output dir:        /home/zhaorz/project/CodeWM/CodeWM_ProWES_Logits/reproduct/units/p13_video_downloader/python/attempts/0006_seed_3217077734/p13_video_downloader_python/p13_video_downloader_python/DTResults/out_20260914_212818
[INFO] Wrapper log:       /home/zhaorz/project/CodeWM/CodeWM_ProWES_Logits/reproduct/units/p13_video_downloader/python/attempts/0006_seed_3217077734/p13_video_downloader_python/p13_video_downloader_python/DTResults/out_20260914_212818/host_wrapper_20260914_212818.log
[INFO] Time limit:        300s (kill-after 5s)
[INFO] Install limit:     300s
[INFO] Build limit:       300s
[INFO] Test limit:        30s
[INFO] Run check:         5s (kill-after 2s)
[INFO] Runtime output thresholds: bytes=262144, lines=200, same_line=30, consecutive_same_line=10
[INFO] CPU busy check:    1
[INFO] Hard eval timeout: 420s (kill-after 10s)
[INFO] HTTP_PROXY:        http://127.0.0.1:7890
[INFO] HTTPS_PROXY:       http://127.0.0.1:7890
[INFO] NO_PROXY:          127.0.0.1,localhost,::1
[INFO] PIP_INDEX_URL:     <empty>
[INFO] ENABLE_MAVEN_PROXY_CONFIG: 1
[INFO] MAVEN_PROXY_HTTP:  192.168.129.183:7897
[INFO] MAVEN_PROXY_HTTPS: 192.168.129.183:7897

[INFO] Xvfb is ready in container 'CodeWM-DT'.
>>> Copy project into container: /home/zhaorz/project/CodeWM/CodeWM_ProWES_Logits/reproduct/units/p13_video_downloader/python/attempts/0006_seed_3217077734/p13_video_downloader_python/p13_video_downloader_python -> CodeWM-DT:/workspace/proj_20260914_212818
>>> Write Maven proxy config to container
>>> Run evaluator in container
[INFO] Detected protocol: python
>>> Protocol detected: PYTHON
>>> Installing Python dependencies
[INFO] Install timeout limit: 300s (kill-after 5s)
Requirement already satisfied: pytest<9,>=7 in /usr/local/lib/python3.10/dist-packages (from -r requirements.txt (line 1)) (7.4.4)
Requirement already satisfied: iniconfig in /usr/local/lib/python3.10/dist-packages (from pytest<9,>=7->-r requirements.txt (line 1)) (2.3.0)
Requirement already satisfied: packaging in /usr/local/lib/python3.10/dist-packages (from pytest<9,>=7->-r requirements.txt (line 1)) (26.2)
Requirement already satisfied: pluggy<2.0,>=0.12 in /usr/local/lib/python3.10/dist-packages (from pytest<9,>=7->-r requirements.txt (line 1)) (1.6.0)
Requirement already satisfied: exceptiongroup>=1.0.0rc8 in /usr/local/lib/python3.10/dist-packages (from pytest<9,>=7->-r requirements.txt (line 1)) (1.3.1)
Requirement already satisfied: tomli>=1.0.0 in /usr/local/lib/python3.10/dist-packages (from pytest<9,>=7->-r requirements.txt (line 1)) (2.4.1)
Requirement already satisfied: typing-extensions>=4.6.0 in /usr/local/lib/python3.10/dist-packages (from exceptiongroup>=1.0.0rc8->pytest<9,>=7->-r requirements.txt (line 1)) (4.16.0)
>>> Running pytest
[INFO] Test timeout limit: 30s (kill-after 5s)

==================================== ERRORS ====================================
_____________________ ERROR collecting tests/test_main.py ______________________
ImportError while importing test module '/workspace/proj_20260914_212818/tests/test_main.py'.
Hint: make sure your test modules/packages have valid Python names.
Traceback:
/usr/lib/python3.10/importlib/__init__.py:126: in import_module
    return _bootstrap._gcd_import(name[level:], package, level)
tests/test_main.py:17: in <module>
    from Main import run_demo
Main.py:3: in <module>
    from video_downloader import (
E   ImportError: cannot import name 'run_demo' from 'video_downloader' (/workspace/proj_20260914_212818/video_downloader/__init__.py)
=========================== short test summary info ============================
ERROR tests/test_main.py
!!!!!!!!!!!!!!!!!!!! Interrupted: 1 error during collection !!!!!!!!!!!!!!!!!!!!
1 error in 0.06s
[WARN] Evaluation failed with exit code: 2
>>> Cleanup possible leftover processes in container
[INFO] No leftover project-scoped processes found.
>>> Copy evaluation results back to host

===== DONE =====
Artifacts in: /home/zhaorz/project/CodeWM/CodeWM_ProWES_Logits/reproduct/units/p13_video_downloader/python/attempts/0006_seed_3217077734/p13_video_downloader_python/p13_video_downloader_python/DTResults/out_20260914_212818
Packaged runnable artifacts should be under: /home/zhaorz/project/CodeWM/CodeWM_ProWES_Logits/reproduct/units/p13_video_downloader/python/attempts/0006_seed_3217077734/p13_video_downloader_python/p13_video_downloader_python/DTResults/out_20260914_212818/artifacts
Container evaluation log should be under: /home/zhaorz/project/CodeWM/CodeWM_ProWES_Logits/reproduct/units/p13_video_downloader/python/attempts/0006_seed_3217077734/p13_video_downloader_python/p13_video_downloader_python/DTResults/out_20260914_212818/evaluation.log
Wrapper log : /home/zhaorz/project/CodeWM/CodeWM_ProWES_Logits/reproduct/units/p13_video_downloader/python/attempts/0006_seed_3217077734/p13_video_downloader_python/p13_video_downloader_python/DTResults/out_20260914_212818/host_wrapper_20260914_212818.log
