[INFO 2026-09-15 07:55:10,287]: Namespace(epochs=25, seed=42, method='codemark', device='cuda', preprocess_workers=8, max_train_samples=None, max_valid_samples=None, max_test_samples=None, dataset='csn_js', lang='javascript', dataset_dir='./datasets/csn_js', log_prefix='fresh_rq2', n_bits=4, style_only=False, var_only=False, var_nomask=False, varmask_prob=0.5, batch_size=64, wv=0.5, wt=0.5, model_arch='gru', scheduler=False, shared_encoder=True, var_transform_mode='replace')
[INFO 2026-09-15 07:55:10,361]: Device: cuda
[INFO 2026-09-15 07:55:10,362]: Processing original dataset
[INFO 2026-09-15 07:56:01,398]: Vocab size: 134456
[INFO 2026-09-15 07:56:01,398]: Train size: 56393
[INFO 2026-09-15 07:56:01,398]: Test size: 3150
[INFO 2026-09-15 07:56:02,366]: Method: codemark
[INFO 2026-09-15 07:56:02,366]: Transform capacity: 4
[INFO 2026-09-15 07:56:02,366]: Constructing dataloaders and models
[INFO 2026-09-15 07:56:02,367]: Using gru
[INFO 2026-09-15 07:56:03,270]: learning rate: 0.001
[INFO 2026-09-15 07:56:04,399]: approximator arch: ConcatApproximator
[INFO 2026-09-15 07:56:05,332]: Starting training loop
[INFO 2026-09-15 07:56:05,333]: w_var: 0.5, w_style: 0.5
[INFO 2026-09-15 07:56:05,333]: var mask enabled: True
[INFO 2026-09-15 08:03:29,531]: | train | epoch:   0 | acc: 0.8925 | real_acc: 0.8469 | loss: 0.4858 | warp_loss: 0.0304 | decode_loss: 0.1895 |
[INFO 2026-09-15 08:03:50,742]: | valid | epoch:   0 | oracle_acc: 0.9877 | actual_acc: 0.9647 | loss: 0.0868 | warp_loss: 0.0053 | msg_acc: 0.8940 |
[INFO 2026-09-15 08:03:52,703]: | best model saved at 0 epoch |
[INFO 2026-09-15 08:04:10,104]: | test  | epoch:   0 | oracle_acc: 0.9878 | actual_acc: 0.9590 | loss: 0.0953 | warp_loss: 0.0053 | msg_acc: 0.8844 |
[INFO 2026-09-15 08:11:10,216]: | train | epoch:   1 | acc: 0.9874 | real_acc: 0.9619 | loss: 0.1386 | warp_loss: 0.0118 | decode_loss: 0.0395 |
[INFO 2026-09-15 08:11:28,149]: | valid | epoch:   1 | oracle_acc: 0.9925 | actual_acc: 0.9676 | loss: 0.0876 | warp_loss: 0.0035 | msg_acc: 0.9072 |
[INFO 2026-09-15 08:11:30,768]: | best model saved at 1 epoch |
[INFO 2026-09-15 08:11:47,718]: | test  | epoch:   1 | oracle_acc: 0.9926 | actual_acc: 0.9662 | loss: 0.0921 | warp_loss: 0.0034 | msg_acc: 0.9029 |
[INFO 2026-09-15 08:19:06,306]: | train | epoch:   2 | acc: 0.9901 | real_acc: 0.9677 | loss: 0.1073 | warp_loss: 0.0087 | decode_loss: 0.0281 |
[INFO 2026-09-15 08:19:24,828]: | valid | epoch:   2 | oracle_acc: 0.9859 | actual_acc: 0.9563 | loss: 0.1036 | warp_loss: 0.0037 | msg_acc: 0.8711 |
[INFO 2026-09-15 08:19:40,539]: | test  | epoch:   2 | oracle_acc: 0.9891 | actual_acc: 0.9578 | loss: 0.1034 | warp_loss: 0.0036 | msg_acc: 0.8800 |
[INFO 2026-09-15 08:26:55,460]: | train | epoch:   3 | acc: 0.9898 | real_acc: 0.9700 | loss: 0.1093 | warp_loss: 0.0077 | decode_loss: 0.0320 |
[INFO 2026-09-15 08:27:14,209]: | valid | epoch:   3 | oracle_acc: 0.9937 | actual_acc: 0.9717 | loss: 0.0689 | warp_loss: 0.0023 | msg_acc: 0.9163 |
[INFO 2026-09-15 08:27:16,943]: | best model saved at 3 epoch |
[INFO 2026-09-15 08:27:33,765]: | test  | epoch:   3 | oracle_acc: 0.9929 | actual_acc: 0.9723 | loss: 0.0647 | warp_loss: 0.0022 | msg_acc: 0.9165 |
[INFO 2026-09-15 08:34:36,736]: | train | epoch:   4 | acc: 0.9899 | real_acc: 0.9726 | loss: 0.0978 | warp_loss: 0.0066 | decode_loss: 0.0297 |
[INFO 2026-09-15 08:34:54,573]: | valid | epoch:   4 | oracle_acc: 0.9921 | actual_acc: 0.9656 | loss: 0.0757 | warp_loss: 0.0020 | msg_acc: 0.8977 |
[INFO 2026-09-15 08:35:12,127]: | test  | epoch:   4 | oracle_acc: 0.9919 | actual_acc: 0.9654 | loss: 0.0810 | warp_loss: 0.0020 | msg_acc: 0.8952 |
[INFO 2026-09-15 08:41:55,963]: | train | epoch:   5 | acc: 0.9906 | real_acc: 0.9735 | loss: 0.0978 | warp_loss: 0.0063 | decode_loss: 0.0304 |
[INFO 2026-09-15 08:42:15,144]: | valid | epoch:   5 | oracle_acc: 0.9893 | actual_acc: 0.9538 | loss: 0.1095 | warp_loss: 0.0022 | msg_acc: 0.8606 |
[INFO 2026-09-15 08:42:30,573]: | test  | epoch:   5 | oracle_acc: 0.9894 | actual_acc: 0.9579 | loss: 0.0933 | warp_loss: 0.0021 | msg_acc: 0.8717 |
[INFO 2026-09-15 08:48:57,454]: | train | epoch:   6 | acc: 0.9908 | real_acc: 0.9683 | loss: 0.1026 | warp_loss: 0.0057 | decode_loss: 0.0286 |
[INFO 2026-09-15 08:49:12,537]: | valid | epoch:   6 | oracle_acc: 0.9924 | actual_acc: 0.9670 | loss: 0.0682 | warp_loss: 0.0014 | msg_acc: 0.9080 |
[INFO 2026-09-15 08:49:27,846]: | test  | epoch:   6 | oracle_acc: 0.9923 | actual_acc: 0.9681 | loss: 0.0723 | warp_loss: 0.0014 | msg_acc: 0.9095 |
[INFO 2026-09-15 08:56:06,440]: | train | epoch:   7 | acc: 0.9853 | real_acc: 0.9667 | loss: 0.1186 | warp_loss: 0.0049 | decode_loss: 0.0403 |
[INFO 2026-09-15 08:56:23,005]: | valid | epoch:   7 | oracle_acc: 0.9933 | actual_acc: 0.9707 | loss: 0.0763 | warp_loss: 0.0016 | msg_acc: 0.9074 |
[INFO 2026-09-15 08:56:38,145]: | test  | epoch:   7 | oracle_acc: 0.9943 | actual_acc: 0.9758 | loss: 0.0640 | warp_loss: 0.0016 | msg_acc: 0.9257 |
[INFO 2026-09-15 09:03:50,582]: | train | epoch:   8 | acc: 0.9761 | real_acc: 0.9607 | loss: 0.1385 | warp_loss: 0.0049 | decode_loss: 0.0530 |
[INFO 2026-09-15 09:04:09,312]: | valid | epoch:   8 | oracle_acc: 0.9872 | actual_acc: 0.9713 | loss: 0.0777 | warp_loss: 0.0018 | msg_acc: 0.9142 |
[INFO 2026-09-15 09:04:26,417]: | test  | epoch:   8 | oracle_acc: 0.9862 | actual_acc: 0.9683 | loss: 0.0792 | warp_loss: 0.0018 | msg_acc: 0.9149 |
[INFO 2026-09-15 09:11:28,706]: | train | epoch:   9 | acc: 0.9877 | real_acc: 0.9727 | loss: 0.1064 | warp_loss: 0.0051 | decode_loss: 0.0373 |
[INFO 2026-09-15 09:11:49,790]: | valid | epoch:   9 | oracle_acc: 0.9905 | actual_acc: 0.9713 | loss: 0.0702 | warp_loss: 0.0015 | msg_acc: 0.9107 |
[INFO 2026-09-15 09:12:06,376]: | test  | epoch:   9 | oracle_acc: 0.9904 | actual_acc: 0.9690 | loss: 0.0754 | warp_loss: 0.0015 | msg_acc: 0.9089 |
[INFO 2026-09-15 09:19:29,830]: | train | epoch:  10 | acc: 0.9836 | real_acc: 0.9657 | loss: 0.1186 | warp_loss: 0.0040 | decode_loss: 0.0418 |
[INFO 2026-09-15 09:19:47,628]: | valid | epoch:  10 | oracle_acc: 0.9808 | actual_acc: 0.9659 | loss: 0.0771 | warp_loss: 0.0013 | msg_acc: 0.8945 |
[INFO 2026-09-15 09:20:04,682]: | test  | epoch:  10 | oracle_acc: 0.9805 | actual_acc: 0.9653 | loss: 0.0754 | warp_loss: 0.0013 | msg_acc: 0.8917 |
[INFO 2026-09-15 09:27:23,443]: | train | epoch:  11 | acc: 0.9791 | real_acc: 0.9675 | loss: 0.1218 | warp_loss: 0.0046 | decode_loss: 0.0498 |
[INFO 2026-09-15 09:27:41,315]: | valid | epoch:  11 | oracle_acc: 0.9893 | actual_acc: 0.9791 | loss: 0.0556 | warp_loss: 0.0012 | msg_acc: 0.9373 |
[INFO 2026-09-15 09:27:44,084]: | best model saved at 11 epoch |
[INFO 2026-09-15 09:28:01,543]: | test  | epoch:  11 | oracle_acc: 0.9872 | actual_acc: 0.9749 | loss: 0.0677 | warp_loss: 0.0012 | msg_acc: 0.9270 |
[INFO 2026-09-15 09:35:05,577]: | train | epoch:  12 | acc: 0.9885 | real_acc: 0.9782 | loss: 0.0839 | warp_loss: 0.0040 | decode_loss: 0.0323 |
[INFO 2026-09-15 09:35:23,691]: | valid | epoch:  12 | oracle_acc: 0.9919 | actual_acc: 0.9793 | loss: 0.0604 | warp_loss: 0.0012 | msg_acc: 0.9386 |
[INFO 2026-09-15 09:35:26,406]: | best model saved at 12 epoch |
[INFO 2026-09-15 09:35:43,052]: | test  | epoch:  12 | oracle_acc: 0.9912 | actual_acc: 0.9792 | loss: 0.0599 | warp_loss: 0.0012 | msg_acc: 0.9425 |
[INFO 2026-09-15 09:42:55,743]: | train | epoch:  13 | acc: 0.9871 | real_acc: 0.9753 | loss: 0.0949 | warp_loss: 0.0044 | decode_loss: 0.0354 |
[INFO 2026-09-15 09:43:13,490]: | valid | epoch:  13 | oracle_acc: 0.9929 | actual_acc: 0.9740 | loss: 0.0675 | warp_loss: 0.0014 | msg_acc: 0.9233 |
[INFO 2026-09-15 09:43:31,931]: | test  | epoch:  13 | oracle_acc: 0.9938 | actual_acc: 0.9742 | loss: 0.0620 | warp_loss: 0.0014 | msg_acc: 0.9286 |
[INFO 2026-09-15 09:50:49,827]: | train | epoch:  14 | acc: 0.9927 | real_acc: 0.9783 | loss: 0.0768 | warp_loss: 0.0044 | decode_loss: 0.0244 |
[INFO 2026-09-15 09:51:07,677]: | valid | epoch:  14 | oracle_acc: 0.9927 | actual_acc: 0.9763 | loss: 0.0641 | warp_loss: 0.0014 | msg_acc: 0.9405 |
[INFO 2026-09-15 09:51:22,827]: | test  | epoch:  14 | oracle_acc: 0.9946 | actual_acc: 0.9736 | loss: 0.0616 | warp_loss: 0.0014 | msg_acc: 0.9333 |
[INFO 2026-09-15 09:58:31,743]: | train | epoch:  15 | acc: 0.9904 | real_acc: 0.9762 | loss: 0.0854 | warp_loss: 0.0040 | decode_loss: 0.0282 |
[INFO 2026-09-15 09:58:49,874]: | valid | epoch:  15 | oracle_acc: 0.9940 | actual_acc: 0.9828 | loss: 0.0499 | warp_loss: 0.0014 | msg_acc: 0.9499 |
[INFO 2026-09-15 09:58:52,533]: | best model saved at 15 epoch |
[INFO 2026-09-15 09:59:08,910]: | test  | epoch:  15 | oracle_acc: 0.9940 | actual_acc: 0.9789 | loss: 0.0531 | warp_loss: 0.0014 | msg_acc: 0.9463 |
[INFO 2026-09-15 10:06:29,213]: | train | epoch:  16 | acc: 0.9901 | real_acc: 0.9797 | loss: 0.0814 | warp_loss: 0.0042 | decode_loss: 0.0295 |
[INFO 2026-09-15 10:06:47,396]: | valid | epoch:  16 | oracle_acc: 0.9908 | actual_acc: 0.9773 | loss: 0.0565 | warp_loss: 0.0012 | msg_acc: 0.9316 |
[INFO 2026-09-15 10:07:04,127]: | test  | epoch:  16 | oracle_acc: 0.9905 | actual_acc: 0.9758 | loss: 0.0626 | warp_loss: 0.0012 | msg_acc: 0.9317 |
[INFO 2026-09-15 10:14:04,972]: | train | epoch:  17 | acc: 0.9786 | real_acc: 0.9669 | loss: 0.1272 | warp_loss: 0.0040 | decode_loss: 0.0534 |
[INFO 2026-09-15 10:14:24,120]: | valid | epoch:  17 | oracle_acc: 0.9750 | actual_acc: 0.9626 | loss: 0.0756 | warp_loss: 0.0013 | msg_acc: 0.8840 |
[INFO 2026-09-15 10:14:40,594]: | test  | epoch:  17 | oracle_acc: 0.9760 | actual_acc: 0.9628 | loss: 0.0728 | warp_loss: 0.0013 | msg_acc: 0.8822 |
[INFO 2026-09-15 10:21:58,566]: | train | epoch:  18 | acc: 0.9700 | real_acc: 0.9579 | loss: 0.1488 | warp_loss: 0.0045 | decode_loss: 0.0617 |
[INFO 2026-09-15 10:22:16,229]: | valid | epoch:  18 | oracle_acc: 0.9576 | actual_acc: 0.9397 | loss: 0.1203 | warp_loss: 0.0012 | msg_acc: 0.8151 |
[INFO 2026-09-15 10:22:34,611]: | test  | epoch:  18 | oracle_acc: 0.9596 | actual_acc: 0.9429 | loss: 0.1184 | warp_loss: 0.0012 | msg_acc: 0.8251 |
[INFO 2026-09-15 10:29:51,244]: | train | epoch:  19 | acc: 0.9725 | real_acc: 0.9573 | loss: 0.1455 | warp_loss: 0.0045 | decode_loss: 0.0574 |
[INFO 2026-09-15 10:30:09,496]: | valid | epoch:  19 | oracle_acc: 0.9794 | actual_acc: 0.9596 | loss: 0.0920 | warp_loss: 0.0015 | msg_acc: 0.8762 |
[INFO 2026-09-15 10:30:25,728]: | test  | epoch:  19 | oracle_acc: 0.9797 | actual_acc: 0.9587 | loss: 0.0914 | warp_loss: 0.0014 | msg_acc: 0.8762 |
[INFO 2026-09-15 10:37:21,092]: | train | epoch:  20 | acc: 0.9776 | real_acc: 0.9621 | loss: 0.1329 | warp_loss: 0.0044 | decode_loss: 0.0521 |
[INFO 2026-09-15 10:37:38,693]: | valid | epoch:  20 | oracle_acc: 0.9887 | actual_acc: 0.9648 | loss: 0.0801 | warp_loss: 0.0014 | msg_acc: 0.8956 |
[INFO 2026-09-15 10:37:54,851]: | test  | epoch:  20 | oracle_acc: 0.9878 | actual_acc: 0.9628 | loss: 0.0820 | warp_loss: 0.0014 | msg_acc: 0.8924 |
[INFO 2026-09-15 10:45:03,138]: | train | epoch:  21 | acc: 0.9826 | real_acc: 0.9701 | loss: 0.1004 | warp_loss: 0.0041 | decode_loss: 0.0373 |
[INFO 2026-09-15 10:45:20,727]: | valid | epoch:  21 | oracle_acc: 0.9915 | actual_acc: 0.9789 | loss: 0.0578 | warp_loss: 0.0011 | msg_acc: 0.9386 |
[INFO 2026-09-15 10:45:36,035]: | test  | epoch:  21 | oracle_acc: 0.9906 | actual_acc: 0.9779 | loss: 0.0617 | warp_loss: 0.0010 | msg_acc: 0.9352 |
[INFO 2026-09-15 10:52:42,557]: | train | epoch:  22 | acc: 0.9815 | real_acc: 0.9661 | loss: 0.1094 | warp_loss: 0.0037 | decode_loss: 0.0404 |
[INFO 2026-09-15 10:53:00,670]: | valid | epoch:  22 | oracle_acc: 0.9890 | actual_acc: 0.9704 | loss: 0.0622 | warp_loss: 0.0010 | msg_acc: 0.9120 |
[INFO 2026-09-15 10:53:16,594]: | test  | epoch:  22 | oracle_acc: 0.9885 | actual_acc: 0.9692 | loss: 0.0652 | warp_loss: 0.0010 | msg_acc: 0.9127 |
[INFO 2026-09-15 11:00:12,929]: | train | epoch:  23 | acc: 0.9889 | real_acc: 0.9725 | loss: 0.0887 | warp_loss: 0.0036 | decode_loss: 0.0296 |
[INFO 2026-09-15 11:00:33,502]: | valid | epoch:  23 | oracle_acc: 0.9868 | actual_acc: 0.9695 | loss: 0.0767 | warp_loss: 0.0011 | msg_acc: 0.9061 |
[INFO 2026-09-15 11:00:49,399]: | test  | epoch:  23 | oracle_acc: 0.9865 | actual_acc: 0.9686 | loss: 0.0809 | warp_loss: 0.0011 | msg_acc: 0.9048 |
[INFO 2026-09-15 11:07:59,038]: | train | epoch:  24 | acc: 0.9879 | real_acc: 0.9732 | loss: 0.0951 | warp_loss: 0.0038 | decode_loss: 0.0335 |
[INFO 2026-09-15 11:08:18,286]: | valid | epoch:  24 | oracle_acc: 0.9851 | actual_acc: 0.9672 | loss: 0.0748 | warp_loss: 0.0011 | msg_acc: 0.8942 |
[INFO 2026-09-15 11:08:34,382]: | test  | epoch:  24 | oracle_acc: 0.9874 | actual_acc: 0.9702 | loss: 0.0690 | warp_loss: 0.0011 | msg_acc: 0.9083 |
