[INFO 2026-09-15 08:00:09,558]: Namespace(epochs=25, seed=42, method='srcmarker', device='cuda', preprocess_workers=8, max_train_samples=None, max_valid_samples=None, max_test_samples=None, dataset='csn_js', lang='javascript', dataset_dir='./datasets/csn_js', log_prefix='fresh_rq2', n_bits=4, style_only=False, var_only=False, var_nomask=False, varmask_prob=0.5, batch_size=64, wv=0.5, wt=0.5, model_arch='gru', scheduler=False, shared_encoder=True, var_transform_mode='replace')
[INFO 2026-09-15 08:00:09,631]: Device: cuda
[INFO 2026-09-15 08:00:09,633]: Processing original dataset
[INFO 2026-09-15 08:01:00,297]: Vocab size: 134456
[INFO 2026-09-15 08:01:00,297]: Train size: 56393
[INFO 2026-09-15 08:01:00,298]: Test size: 3150
[INFO 2026-09-15 08:01:11,587]: Method: srcmarker
[INFO 2026-09-15 08:01:11,588]: Transform capacity: 4096
[INFO 2026-09-15 08:01:11,588]: Constructing dataloaders and models
[INFO 2026-09-15 08:01:11,588]: Using gru
[INFO 2026-09-15 08:01:12,593]: learning rate: 0.001
[INFO 2026-09-15 08:01:13,830]: approximator arch: ConcatApproximator
[INFO 2026-09-15 08:01:14,508]: Starting training loop
[INFO 2026-09-15 08:01:14,508]: w_var: 0.5, w_style: 0.5
[INFO 2026-09-15 08:01:14,509]: var mask enabled: True
[INFO 2026-09-15 08:09:21,489]: | train | epoch:   0 | acc: 0.9215 | real_acc: 0.8787 | loss: 0.4077 | warp_loss: 0.0325 | decode_loss: 0.1491 |
[INFO 2026-09-15 08:09:43,668]: | valid | epoch:   0 | oracle_acc: 0.9948 | actual_acc: 0.9684 | loss: 0.0772 | warp_loss: 0.0041 | msg_acc: 0.9128 |
[INFO 2026-09-15 08:09:45,623]: | best model saved at 0 epoch |
[INFO 2026-09-15 08:10:03,841]: | test  | epoch:   0 | oracle_acc: 0.9947 | actual_acc: 0.9664 | loss: 0.0717 | warp_loss: 0.0041 | msg_acc: 0.9073 |
[INFO 2026-09-15 08:18:14,348]: | train | epoch:   1 | acc: 0.9940 | real_acc: 0.9749 | loss: 0.0908 | warp_loss: 0.0112 | decode_loss: 0.0220 |
[INFO 2026-09-15 08:18:37,388]: | valid | epoch:   1 | oracle_acc: 0.9954 | actual_acc: 0.9748 | loss: 0.0661 | warp_loss: 0.0032 | msg_acc: 0.9233 |
[INFO 2026-09-15 08:18:40,137]: | best model saved at 1 epoch |
[INFO 2026-09-15 08:18:59,287]: | test  | epoch:   1 | oracle_acc: 0.9956 | actual_acc: 0.9724 | loss: 0.0672 | warp_loss: 0.0031 | msg_acc: 0.9222 |
[INFO 2026-09-15 08:27:07,915]: | train | epoch:   2 | acc: 0.9948 | real_acc: 0.9802 | loss: 0.0738 | warp_loss: 0.0085 | decode_loss: 0.0190 |
[INFO 2026-09-15 08:27:29,389]: | valid | epoch:   2 | oracle_acc: 0.9956 | actual_acc: 0.9828 | loss: 0.0466 | warp_loss: 0.0032 | msg_acc: 0.9467 |
[INFO 2026-09-15 08:27:32,193]: | best model saved at 2 epoch |
[INFO 2026-09-15 08:27:52,588]: | test  | epoch:   2 | oracle_acc: 0.9959 | actual_acc: 0.9829 | loss: 0.0452 | warp_loss: 0.0032 | msg_acc: 0.9489 |
[INFO 2026-09-15 08:35:38,248]: | train | epoch:   3 | acc: 0.9946 | real_acc: 0.9828 | loss: 0.0682 | warp_loss: 0.0077 | decode_loss: 0.0202 |
[INFO 2026-09-15 08:35:57,721]: | valid | epoch:   3 | oracle_acc: 0.9964 | actual_acc: 0.9858 | loss: 0.0358 | warp_loss: 0.0019 | msg_acc: 0.9591 |
[INFO 2026-09-15 08:36:00,539]: | best model saved at 3 epoch |
[INFO 2026-09-15 08:36:20,922]: | test  | epoch:   3 | oracle_acc: 0.9964 | actual_acc: 0.9845 | loss: 0.0336 | warp_loss: 0.0019 | msg_acc: 0.9600 |
[INFO 2026-09-15 08:43:51,761]: | train | epoch:   4 | acc: 0.9950 | real_acc: 0.9834 | loss: 0.0590 | warp_loss: 0.0061 | decode_loss: 0.0169 |
[INFO 2026-09-15 08:44:11,532]: | valid | epoch:   4 | oracle_acc: 0.9965 | actual_acc: 0.9818 | loss: 0.0417 | warp_loss: 0.0019 | msg_acc: 0.9403 |
[INFO 2026-09-15 08:44:30,152]: | test  | epoch:   4 | oracle_acc: 0.9960 | actual_acc: 0.9797 | loss: 0.0453 | warp_loss: 0.0018 | msg_acc: 0.9378 |
[INFO 2026-09-15 08:52:02,391]: | train | epoch:   5 | acc: 0.9944 | real_acc: 0.9835 | loss: 0.0609 | warp_loss: 0.0060 | decode_loss: 0.0184 |
[INFO 2026-09-15 08:52:22,229]: | valid | epoch:   5 | oracle_acc: 0.9972 | actual_acc: 0.9857 | loss: 0.0369 | warp_loss: 0.0015 | msg_acc: 0.9572 |
[INFO 2026-09-15 08:52:40,449]: | test  | epoch:   5 | oracle_acc: 0.9958 | actual_acc: 0.9861 | loss: 0.0328 | warp_loss: 0.0015 | msg_acc: 0.9603 |
[INFO 2026-09-15 09:00:05,001]: | train | epoch:   6 | acc: 0.9948 | real_acc: 0.9862 | loss: 0.0542 | warp_loss: 0.0054 | decode_loss: 0.0169 |
[INFO 2026-09-15 09:00:27,175]: | valid | epoch:   6 | oracle_acc: 0.9961 | actual_acc: 0.9862 | loss: 0.0387 | warp_loss: 0.0021 | msg_acc: 0.9618 |
[INFO 2026-09-15 09:00:29,948]: | best model saved at 6 epoch |
[INFO 2026-09-15 09:00:49,627]: | test  | epoch:   6 | oracle_acc: 0.9964 | actual_acc: 0.9849 | loss: 0.0397 | warp_loss: 0.0021 | msg_acc: 0.9597 |
[INFO 2026-09-15 09:09:02,969]: | train | epoch:   7 | acc: 0.9946 | real_acc: 0.9858 | loss: 0.0548 | warp_loss: 0.0050 | decode_loss: 0.0176 |
[INFO 2026-09-15 09:09:27,604]: | valid | epoch:   7 | oracle_acc: 0.9970 | actual_acc: 0.9863 | loss: 0.0402 | warp_loss: 0.0014 | msg_acc: 0.9591 |
[INFO 2026-09-15 09:09:30,307]: | best model saved at 7 epoch |
[INFO 2026-09-15 09:09:49,888]: | test  | epoch:   7 | oracle_acc: 0.9956 | actual_acc: 0.9847 | loss: 0.0437 | warp_loss: 0.0016 | msg_acc: 0.9578 |
[INFO 2026-09-15 09:17:56,598]: | train | epoch:   8 | acc: 0.9936 | real_acc: 0.9840 | loss: 0.0596 | warp_loss: 0.0047 | decode_loss: 0.0195 |
[INFO 2026-09-15 09:18:18,744]: | valid | epoch:   8 | oracle_acc: 0.9952 | actual_acc: 0.9804 | loss: 0.0533 | warp_loss: 0.0016 | msg_acc: 0.9397 |
[INFO 2026-09-15 09:18:37,918]: | test  | epoch:   8 | oracle_acc: 0.9966 | actual_acc: 0.9814 | loss: 0.0496 | warp_loss: 0.0015 | msg_acc: 0.9457 |
[INFO 2026-09-15 09:26:32,212]: | train | epoch:   9 | acc: 0.9939 | real_acc: 0.9845 | loss: 0.0601 | warp_loss: 0.0050 | decode_loss: 0.0200 |
[INFO 2026-09-15 09:26:53,480]: | valid | epoch:   9 | oracle_acc: 0.9965 | actual_acc: 0.9806 | loss: 0.0575 | warp_loss: 0.0017 | msg_acc: 0.9381 |
[INFO 2026-09-15 09:27:12,210]: | test  | epoch:   9 | oracle_acc: 0.9962 | actual_acc: 0.9813 | loss: 0.0468 | warp_loss: 0.0017 | msg_acc: 0.9451 |
[INFO 2026-09-15 09:35:23,658]: | train | epoch:  10 | acc: 0.9943 | real_acc: 0.9861 | loss: 0.0537 | warp_loss: 0.0051 | decode_loss: 0.0187 |
[INFO 2026-09-15 09:35:44,988]: | valid | epoch:  10 | oracle_acc: 0.9953 | actual_acc: 0.9851 | loss: 0.0384 | warp_loss: 0.0012 | msg_acc: 0.9575 |
[INFO 2026-09-15 09:36:06,819]: | test  | epoch:  10 | oracle_acc: 0.9952 | actual_acc: 0.9848 | loss: 0.0353 | warp_loss: 0.0011 | msg_acc: 0.9597 |
[INFO 2026-09-15 09:43:53,965]: | train | epoch:  11 | acc: 0.9940 | real_acc: 0.9860 | loss: 0.0550 | warp_loss: 0.0045 | decode_loss: 0.0194 |
[INFO 2026-09-15 09:44:14,171]: | valid | epoch:  11 | oracle_acc: 0.9952 | actual_acc: 0.9855 | loss: 0.0412 | warp_loss: 0.0015 | msg_acc: 0.9567 |
[INFO 2026-09-15 09:44:33,498]: | test  | epoch:  11 | oracle_acc: 0.9952 | actual_acc: 0.9828 | loss: 0.0405 | warp_loss: 0.0015 | msg_acc: 0.9521 |
[INFO 2026-09-15 09:52:35,143]: | train | epoch:  12 | acc: 0.9942 | real_acc: 0.9866 | loss: 0.0537 | warp_loss: 0.0046 | decode_loss: 0.0204 |
[INFO 2026-09-15 09:52:57,095]: | valid | epoch:  12 | oracle_acc: 0.9962 | actual_acc: 0.9860 | loss: 0.0382 | warp_loss: 0.0015 | msg_acc: 0.9604 |
[INFO 2026-09-15 09:53:16,287]: | test  | epoch:  12 | oracle_acc: 0.9960 | actual_acc: 0.9830 | loss: 0.0429 | warp_loss: 0.0015 | msg_acc: 0.9568 |
[INFO 2026-09-15 10:01:22,865]: | train | epoch:  13 | acc: 0.9941 | real_acc: 0.9867 | loss: 0.0532 | warp_loss: 0.0042 | decode_loss: 0.0194 |
[INFO 2026-09-15 10:01:46,412]: | valid | epoch:  13 | oracle_acc: 0.9962 | actual_acc: 0.9866 | loss: 0.0349 | warp_loss: 0.0014 | msg_acc: 0.9647 |
[INFO 2026-09-15 10:01:49,140]: | best model saved at 13 epoch |
[INFO 2026-09-15 10:02:09,260]: | test  | epoch:  13 | oracle_acc: 0.9956 | actual_acc: 0.9858 | loss: 0.0344 | warp_loss: 0.0013 | msg_acc: 0.9613 |
[INFO 2026-09-15 10:09:56,753]: | train | epoch:  14 | acc: 0.9941 | real_acc: 0.9869 | loss: 0.0543 | warp_loss: 0.0043 | decode_loss: 0.0208 |
[INFO 2026-09-15 10:10:19,702]: | valid | epoch:  14 | oracle_acc: 0.9968 | actual_acc: 0.9887 | loss: 0.0267 | warp_loss: 0.0010 | msg_acc: 0.9669 |
[INFO 2026-09-15 10:10:22,655]: | best model saved at 14 epoch |
[INFO 2026-09-15 10:10:42,474]: | test  | epoch:  14 | oracle_acc: 0.9961 | actual_acc: 0.9875 | loss: 0.0279 | warp_loss: 0.0011 | msg_acc: 0.9679 |
[INFO 2026-09-15 10:18:47,772]: | train | epoch:  15 | acc: 0.9952 | real_acc: 0.9878 | loss: 0.0451 | warp_loss: 0.0040 | decode_loss: 0.0155 |
[INFO 2026-09-15 10:19:09,369]: | valid | epoch:  15 | oracle_acc: 0.9968 | actual_acc: 0.9881 | loss: 0.0277 | warp_loss: 0.0011 | msg_acc: 0.9664 |
[INFO 2026-09-15 10:19:29,650]: | test  | epoch:  15 | oracle_acc: 0.9961 | actual_acc: 0.9871 | loss: 0.0310 | warp_loss: 0.0011 | msg_acc: 0.9660 |
[INFO 2026-09-15 10:27:38,568]: | train | epoch:  16 | acc: 0.9947 | real_acc: 0.9868 | loss: 0.0480 | warp_loss: 0.0040 | decode_loss: 0.0170 |
[INFO 2026-09-15 10:27:59,436]: | valid | epoch:  16 | oracle_acc: 0.9965 | actual_acc: 0.9834 | loss: 0.0420 | warp_loss: 0.0012 | msg_acc: 0.9540 |
[INFO 2026-09-15 10:28:19,393]: | test  | epoch:  16 | oracle_acc: 0.9961 | actual_acc: 0.9852 | loss: 0.0350 | warp_loss: 0.0012 | msg_acc: 0.9613 |
[INFO 2026-09-15 10:36:05,797]: | train | epoch:  17 | acc: 0.9948 | real_acc: 0.9871 | loss: 0.0474 | warp_loss: 0.0039 | decode_loss: 0.0173 |
[INFO 2026-09-15 10:36:27,213]: | valid | epoch:  17 | oracle_acc: 0.9961 | actual_acc: 0.9883 | loss: 0.0272 | warp_loss: 0.0012 | msg_acc: 0.9658 |
[INFO 2026-09-15 10:36:49,546]: | test  | epoch:  17 | oracle_acc: 0.9967 | actual_acc: 0.9845 | loss: 0.0406 | warp_loss: 0.0012 | msg_acc: 0.9584 |
[INFO 2026-09-15 10:44:53,409]: | train | epoch:  18 | acc: 0.9948 | real_acc: 0.9874 | loss: 0.0471 | warp_loss: 0.0038 | decode_loss: 0.0181 |
[INFO 2026-09-15 10:45:14,451]: | valid | epoch:  18 | oracle_acc: 0.9955 | actual_acc: 0.9861 | loss: 0.0330 | warp_loss: 0.0010 | msg_acc: 0.9637 |
[INFO 2026-09-15 10:45:34,771]: | test  | epoch:  18 | oracle_acc: 0.9963 | actual_acc: 0.9870 | loss: 0.0257 | warp_loss: 0.0010 | msg_acc: 0.9676 |
[INFO 2026-09-15 10:53:36,296]: | train | epoch:  19 | acc: 0.9942 | real_acc: 0.9871 | loss: 0.0513 | warp_loss: 0.0046 | decode_loss: 0.0198 |
[INFO 2026-09-15 10:53:56,756]: | valid | epoch:  19 | oracle_acc: 0.9943 | actual_acc: 0.9864 | loss: 0.0316 | warp_loss: 0.0013 | msg_acc: 0.9637 |
[INFO 2026-09-15 10:54:14,888]: | test  | epoch:  19 | oracle_acc: 0.9957 | actual_acc: 0.9844 | loss: 0.0335 | warp_loss: 0.0013 | msg_acc: 0.9603 |
[INFO 2026-09-15 11:02:08,110]: | train | epoch:  20 | acc: 0.9903 | real_acc: 0.9839 | loss: 0.0658 | warp_loss: 0.0049 | decode_loss: 0.0269 |
[INFO 2026-09-15 11:02:29,480]: | valid | epoch:  20 | oracle_acc: 0.9797 | actual_acc: 0.9729 | loss: 0.0577 | warp_loss: 0.0013 | msg_acc: 0.9064 |
[INFO 2026-09-15 11:02:49,237]: | test  | epoch:  20 | oracle_acc: 0.9815 | actual_acc: 0.9727 | loss: 0.0501 | warp_loss: 0.0013 | msg_acc: 0.9105 |
[INFO 2026-09-15 11:10:48,723]: | train | epoch:  21 | acc: 0.9839 | real_acc: 0.9777 | loss: 0.0821 | warp_loss: 0.0049 | decode_loss: 0.0352 |
[INFO 2026-09-15 11:11:12,783]: | valid | epoch:  21 | oracle_acc: 0.9966 | actual_acc: 0.9857 | loss: 0.0373 | warp_loss: 0.0014 | msg_acc: 0.9623 |
[INFO 2026-09-15 11:11:32,519]: | test  | epoch:  21 | oracle_acc: 0.9963 | actual_acc: 0.9860 | loss: 0.0317 | warp_loss: 0.0014 | msg_acc: 0.9648 |
[INFO 2026-09-15 11:19:24,048]: | train | epoch:  22 | acc: 0.9949 | real_acc: 0.9875 | loss: 0.0466 | warp_loss: 0.0041 | decode_loss: 0.0166 |
[INFO 2026-09-15 11:19:44,969]: | valid | epoch:  22 | oracle_acc: 0.9964 | actual_acc: 0.9871 | loss: 0.0320 | warp_loss: 0.0009 | msg_acc: 0.9642 |
[INFO 2026-09-15 11:20:03,013]: | test  | epoch:  22 | oracle_acc: 0.9966 | actual_acc: 0.9844 | loss: 0.0298 | warp_loss: 0.0009 | msg_acc: 0.9648 |
[INFO 2026-09-15 11:28:05,827]: | train | epoch:  23 | acc: 0.9943 | real_acc: 0.9875 | loss: 0.0492 | warp_loss: 0.0042 | decode_loss: 0.0191 |
[INFO 2026-09-15 11:28:29,254]: | valid | epoch:  23 | oracle_acc: 0.9964 | actual_acc: 0.9873 | loss: 0.0302 | warp_loss: 0.0010 | msg_acc: 0.9639 |
[INFO 2026-09-15 11:28:49,878]: | test  | epoch:  23 | oracle_acc: 0.9960 | actual_acc: 0.9867 | loss: 0.0294 | warp_loss: 0.0010 | msg_acc: 0.9654 |
[INFO 2026-09-15 11:36:27,133]: | train | epoch:  24 | acc: 0.9944 | real_acc: 0.9873 | loss: 0.0499 | warp_loss: 0.0041 | decode_loss: 0.0194 |
[INFO 2026-09-15 11:36:47,184]: | valid | epoch:  24 | oracle_acc: 0.9969 | actual_acc: 0.9880 | loss: 0.0344 | warp_loss: 0.0011 | msg_acc: 0.9639 |
[INFO 2026-09-15 11:37:06,111]: | test  | epoch:  24 | oracle_acc: 0.9960 | actual_acc: 0.9858 | loss: 0.0419 | warp_loss: 0.0011 | msg_acc: 0.9635 |
