===== BEGIN @ 20260914_130921 =====
[INFO] Project dir:        /home/zhaorz/project/CodeWM/CodeWM_ProWES_Logits/reproduct/units/p06_tank_battle_game/python/attempts/0001_seed_687686819/p06_tank_battle_game_python/p06_tank_battle_game_python
[INFO] Container name:    CodeWM-DT
[INFO] In-container dir:  /workspace/proj_20260914_130921
[INFO] Output dir:        /home/zhaorz/project/CodeWM/CodeWM_ProWES_Logits/reproduct/units/p06_tank_battle_game/python/attempts/0001_seed_687686819/p06_tank_battle_game_python/p06_tank_battle_game_python/DTResults/out_20260914_130921
[INFO] Wrapper log:       /home/zhaorz/project/CodeWM/CodeWM_ProWES_Logits/reproduct/units/p06_tank_battle_game/python/attempts/0001_seed_687686819/p06_tank_battle_game_python/p06_tank_battle_game_python/DTResults/out_20260914_130921/host_wrapper_20260914_130921.log
[INFO] Time limit:        300s (kill-after 5s)
[INFO] Install limit:     300s
[INFO] Build limit:       300s
[INFO] Test limit:        30s
[INFO] Run check:         5s (kill-after 2s)
[INFO] Runtime output thresholds: bytes=262144, lines=200, same_line=30, consecutive_same_line=10
[INFO] CPU busy check:    1
[INFO] Hard eval timeout: 420s (kill-after 10s)
[INFO] HTTP_PROXY:        http://127.0.0.1:7890
[INFO] HTTPS_PROXY:       http://127.0.0.1:7890
[INFO] NO_PROXY:          localhost,::1,127.0.0.1
[INFO] PIP_INDEX_URL:     <empty>
[INFO] ENABLE_MAVEN_PROXY_CONFIG: 1
[INFO] MAVEN_PROXY_HTTP:  192.168.129.183:7897
[INFO] MAVEN_PROXY_HTTPS: 192.168.129.183:7897

[INFO] Xvfb is ready in container 'CodeWM-DT'.
>>> Copy project into container: /home/zhaorz/project/CodeWM/CodeWM_ProWES_Logits/reproduct/units/p06_tank_battle_game/python/attempts/0001_seed_687686819/p06_tank_battle_game_python/p06_tank_battle_game_python -> CodeWM-DT:/workspace/proj_20260914_130921
>>> Write Maven proxy config to container
>>> Run evaluator in container
[INFO] Detected protocol: python
>>> Protocol detected: PYTHON
>>> Installing Python dependencies
[INFO] Install timeout limit: 300s (kill-after 5s)
Requirement already satisfied: pytest in /usr/local/lib/python3.10/dist-packages (from -r requirements.txt (line 1)) (7.4.4)
Requirement already satisfied: iniconfig in /usr/local/lib/python3.10/dist-packages (from pytest->-r requirements.txt (line 1)) (2.3.0)
Requirement already satisfied: packaging in /usr/local/lib/python3.10/dist-packages (from pytest->-r requirements.txt (line 1)) (26.2)
Requirement already satisfied: pluggy<2.0,>=0.12 in /usr/local/lib/python3.10/dist-packages (from pytest->-r requirements.txt (line 1)) (1.6.0)
Requirement already satisfied: exceptiongroup>=1.0.0rc8 in /usr/local/lib/python3.10/dist-packages (from pytest->-r requirements.txt (line 1)) (1.3.1)
Requirement already satisfied: tomli>=1.0.0 in /usr/local/lib/python3.10/dist-packages (from pytest->-r requirements.txt (line 1)) (2.4.1)
Requirement already satisfied: typing-extensions>=4.6.0 in /usr/local/lib/python3.10/dist-packages (from exceptiongroup>=1.0.0rc8->pytest->-r requirements.txt (line 1)) (4.16.0)
>>> Running pytest
[INFO] Test timeout limit: 30s (kill-after 5s)
F...                                                                     [100%]
=================================== FAILURES ===================================
______________________________ test_runtime_demo _______________________________

    def test_runtime_demo() -> None:
        """Test that run_demo produces the expected snapshot structure."""
        result = run_demo()
    
        # Check that result is a dict with the expected keys
        assert isinstance(result, dict)
        assert set(result.keys()) == {"arena", "tanks", "projectiles", "scores", "winner"}
    
        # Check that p1 direction is S as expected
>       assert result["tanks"]["p1"]["direction"] == "S"
E       AssertionError: assert 'N' == 'S'
E         - S
E         + N

tests/test_main.py:32: AssertionError
=========================== short test summary info ============================
FAILED tests/test_main.py::test_runtime_demo - AssertionError: assert 'N' == 'S'
1 failed, 3 passed in 0.04s
[WARN] Evaluation failed with exit code: 1
>>> Cleanup possible leftover processes in container
[INFO] No leftover project-scoped processes found.
>>> Copy evaluation results back to host

===== DONE =====
Artifacts in: /home/zhaorz/project/CodeWM/CodeWM_ProWES_Logits/reproduct/units/p06_tank_battle_game/python/attempts/0001_seed_687686819/p06_tank_battle_game_python/p06_tank_battle_game_python/DTResults/out_20260914_130921
Packaged runnable artifacts should be under: /home/zhaorz/project/CodeWM/CodeWM_ProWES_Logits/reproduct/units/p06_tank_battle_game/python/attempts/0001_seed_687686819/p06_tank_battle_game_python/p06_tank_battle_game_python/DTResults/out_20260914_130921/artifacts
Container evaluation log should be under: /home/zhaorz/project/CodeWM/CodeWM_ProWES_Logits/reproduct/units/p06_tank_battle_game/python/attempts/0001_seed_687686819/p06_tank_battle_game_python/p06_tank_battle_game_python/DTResults/out_20260914_130921/evaluation.log
Wrapper log : /home/zhaorz/project/CodeWM/CodeWM_ProWES_Logits/reproduct/units/p06_tank_battle_game/python/attempts/0001_seed_687686819/p06_tank_battle_game_python/p06_tank_battle_game_python/DTResults/out_20260914_130921/host_wrapper_20260914_130921.log
