===== BEGIN @ 20260913_121820 =====
[INFO] Project dir:        /home/zhaorz/project/CodeWM/CodeWM_ProWES_Logits/reproduct/units/p04_caro_game/cpp/attempts/0006_seed_2505762387/p04_caro_game_cpp/p04_caro_game_cpp
[INFO] Container name:    CodeWM-DT
[INFO] In-container dir:  /workspace/proj_20260913_121820
[INFO] Output dir:        /home/zhaorz/project/CodeWM/CodeWM_ProWES_Logits/reproduct/units/p04_caro_game/cpp/attempts/0006_seed_2505762387/p04_caro_game_cpp/p04_caro_game_cpp/DTResults/out_20260913_121820
[INFO] Wrapper log:       /home/zhaorz/project/CodeWM/CodeWM_ProWES_Logits/reproduct/units/p04_caro_game/cpp/attempts/0006_seed_2505762387/p04_caro_game_cpp/p04_caro_game_cpp/DTResults/out_20260913_121820/host_wrapper_20260913_121820.log
[INFO] Time limit:        300s (kill-after 5s)
[INFO] Install limit:     300s
[INFO] Build limit:       300s
[INFO] Test limit:        30s
[INFO] Run check:         5s (kill-after 2s)
[INFO] Runtime output thresholds: bytes=262144, lines=200, same_line=30, consecutive_same_line=10
[INFO] CPU busy check:    1
[INFO] Hard eval timeout: 420s (kill-after 10s)
[INFO] HTTP_PROXY:        http://127.0.0.1:7890
[INFO] HTTPS_PROXY:       http://127.0.0.1:7890
[INFO] NO_PROXY:          127.0.0.1,localhost,::1
[INFO] PIP_INDEX_URL:     <empty>
[INFO] ENABLE_MAVEN_PROXY_CONFIG: 1
[INFO] MAVEN_PROXY_HTTP:  192.168.129.183:7897
[INFO] MAVEN_PROXY_HTTPS: 192.168.129.183:7897

[INFO] Xvfb is ready in container 'CodeWM-DT'.
>>> Copy project into container: /home/zhaorz/project/CodeWM/CodeWM_ProWES_Logits/reproduct/units/p04_caro_game/cpp/attempts/0006_seed_2505762387/p04_caro_game_cpp/p04_caro_game_cpp -> CodeWM-DT:/workspace/proj_20260913_121820
>>> Write Maven proxy config to container
>>> Run evaluator in container
[INFO] Detected protocol: cpp
>>> Protocol detected: C++
>>> Configuring CMake project
[INFO] Build timeout limit: 300s (kill-after 5s)
-- The C compiler identification is GNU 11.4.0
-- The CXX compiler identification is GNU 11.4.0
-- Detecting C compiler ABI info
-- Detecting C compiler ABI info - done
-- Check for working C compiler: /usr/bin/gcc - skipped
-- Detecting C compile features
-- Detecting C compile features - done
-- Detecting CXX compiler ABI info
-- Detecting CXX compiler ABI info - done
-- Check for working CXX compiler: /usr/bin/g++ - skipped
-- Detecting CXX compile features
-- Detecting CXX compile features - done
-- Configuring done
CMake Error:
  Error evaluating generator expression:

    $<TARGET_PROPERTY:gomoku_core,INCLUDE_DIRECTORIES>

  Self reference on target "gomoku_core".



CMake Error at CMakeLists.txt:24 (target_link_libraries):
  Error evaluating generator expression:

    $<TARGET_PROPERTY:gomoku_core,INCLUDE_DIRECTORIES>

  Dependency loop found.


CMake Error at CMakeLists.txt:24 (target_link_libraries):
  Loop step 1

    $<TARGET_PROPERTY:gomoku_core,INCLUDE_DIRECTORIES>



CMake Error at CMakeLists.txt:24 (target_link_libraries):
  Loop step 2

    $<TARGET_PROPERTY:gomoku_core,INCLUDE_DIRECTORIES>



CMake Error:
  Loop step 3

    $<TARGET_PROPERTY:gomoku_core,INCLUDE_DIRECTORIES>



CMake Error at CMakeLists.txt:31 (target_link_libraries):
  Error evaluating generator expression:

    $<TARGET_PROPERTY:gomoku_core,INCLUDE_DIRECTORIES>

  Dependency loop found.


CMake Error at CMakeLists.txt:31 (target_link_libraries):
  Loop step 1

    $<TARGET_PROPERTY:gomoku_core,INCLUDE_DIRECTORIES>



CMake Error at CMakeLists.txt:31 (target_link_libraries):
  Loop step 2

    $<TARGET_PROPERTY:gomoku_core,INCLUDE_DIRECTORIES>



CMake Error:
  Loop step 3

    $<TARGET_PROPERTY:gomoku_core,INCLUDE_DIRECTORIES>



-- Generating done
CMake Generate step failed.  Build files cannot be regenerated correctly.
[WARN] Evaluation failed with exit code: 1
>>> Cleanup possible leftover processes in container
[INFO] No leftover project-scoped processes found.
>>> Copy evaluation results back to host

===== DONE =====
Artifacts in: /home/zhaorz/project/CodeWM/CodeWM_ProWES_Logits/reproduct/units/p04_caro_game/cpp/attempts/0006_seed_2505762387/p04_caro_game_cpp/p04_caro_game_cpp/DTResults/out_20260913_121820
Packaged runnable artifacts should be under: /home/zhaorz/project/CodeWM/CodeWM_ProWES_Logits/reproduct/units/p04_caro_game/cpp/attempts/0006_seed_2505762387/p04_caro_game_cpp/p04_caro_game_cpp/DTResults/out_20260913_121820/artifacts
Container evaluation log should be under: /home/zhaorz/project/CodeWM/CodeWM_ProWES_Logits/reproduct/units/p04_caro_game/cpp/attempts/0006_seed_2505762387/p04_caro_game_cpp/p04_caro_game_cpp/DTResults/out_20260913_121820/evaluation.log
Wrapper log : /home/zhaorz/project/CodeWM/CodeWM_ProWES_Logits/reproduct/units/p04_caro_game/cpp/attempts/0006_seed_2505762387/p04_caro_game_cpp/p04_caro_game_cpp/DTResults/out_20260913_121820/host_wrapper_20260913_121820.log
