===== BEGIN @ 20260913_181310 =====
[INFO] Project dir:        /home/zhaorz/project/CodeWM/CodeWM_ProWES_Logits/reproduct/units/p05_brick_breaker_game/cpp/replays/0001_seed_1300987923/p05_brick_breaker_game_cpp/p05_brick_breaker_game_cpp
[INFO] Container name:    CodeWM-DT
[INFO] In-container dir:  /workspace/proj_20260913_181310
[INFO] Output dir:        /home/zhaorz/project/CodeWM/CodeWM_ProWES_Logits/reproduct/units/p05_brick_breaker_game/cpp/replays/0001_seed_1300987923/p05_brick_breaker_game_cpp/p05_brick_breaker_game_cpp/DTResults/out_20260913_181310
[INFO] Wrapper log:       /home/zhaorz/project/CodeWM/CodeWM_ProWES_Logits/reproduct/units/p05_brick_breaker_game/cpp/replays/0001_seed_1300987923/p05_brick_breaker_game_cpp/p05_brick_breaker_game_cpp/DTResults/out_20260913_181310/host_wrapper_20260913_181310.log
[INFO] Time limit:        300s (kill-after 5s)
[INFO] Install limit:     300s
[INFO] Build limit:       300s
[INFO] Test limit:        30s
[INFO] Run check:         5s (kill-after 2s)
[INFO] Runtime output thresholds: bytes=262144, lines=200, same_line=30, consecutive_same_line=10
[INFO] CPU busy check:    1
[INFO] Hard eval timeout: 420s (kill-after 10s)
[INFO] HTTP_PROXY:        http://127.0.0.1:7890
[INFO] HTTPS_PROXY:       http://127.0.0.1:7890
[INFO] NO_PROXY:          127.0.0.1,::1,localhost
[INFO] PIP_INDEX_URL:     <empty>
[INFO] ENABLE_MAVEN_PROXY_CONFIG: 1
[INFO] MAVEN_PROXY_HTTP:  192.168.129.183:7897
[INFO] MAVEN_PROXY_HTTPS: 192.168.129.183:7897

[INFO] Xvfb is ready in container 'CodeWM-DT'.
>>> Copy project into container: /home/zhaorz/project/CodeWM/CodeWM_ProWES_Logits/reproduct/units/p05_brick_breaker_game/cpp/replays/0001_seed_1300987923/p05_brick_breaker_game_cpp/p05_brick_breaker_game_cpp -> CodeWM-DT:/workspace/proj_20260913_181310
>>> Write Maven proxy config to container
>>> Run evaluator in container
[INFO] Detected protocol: cpp
>>> Protocol detected: C++
>>> Configuring CMake project
[INFO] Build timeout limit: 300s (kill-after 5s)
-- The C compiler identification is GNU 11.4.0
-- The CXX compiler identification is GNU 11.4.0
-- Detecting C compiler ABI info
-- Detecting C compiler ABI info - done
-- Check for working C compiler: /usr/bin/gcc - skipped
-- Detecting C compile features
-- Detecting C compile features - done
-- Detecting CXX compiler ABI info
-- Detecting CXX compiler ABI info - done
-- Check for working CXX compiler: /usr/bin/g++ - skipped
-- Detecting CXX compile features
-- Detecting CXX compile features - done
-- Configuring done
-- Generating done
-- Build files have been written to: /workspace/proj_20260913_181310/build
>>> Building C++ project
[INFO] Build timeout limit: 300s (kill-after 5s)
[  7%] Building CXX object CMakeFiles/breakout_core.dir/src/Paddle.cpp.o
[ 23%] Building CXX object CMakeFiles/breakout_core.dir/src/Ball.cpp.o
[ 23%] Building CXX object CMakeFiles/breakout_core.dir/src/Vector2.cpp.o
[ 30%] Building CXX object CMakeFiles/breakout_core.dir/src/Brick.cpp.o
[ 38%] Building CXX object CMakeFiles/breakout_core.dir/src/Collision.cpp.o
[ 46%] Building CXX object CMakeFiles/breakout_core.dir/src/Playfield.cpp.o
[ 61%] Building CXX object CMakeFiles/breakout_core.dir/src/Level.cpp.o
[ 61%] Building CXX object CMakeFiles/breakout_core.dir/src/GameEngine.cpp.o
[ 69%] Linking CXX static library libbreakout_core.a
[ 69%] Built target breakout_core
[ 76%] Building CXX object CMakeFiles/breakout_runtime.dir/src/Main.cpp.o
[ 84%] Building CXX object CMakeFiles/breakout_test.dir/tests/test_main.cpp.o
[ 92%] Linking CXX executable breakout_test
[ 92%] Built target breakout_test
[100%] Linking CXX executable breakout_runtime
[100%] Built target breakout_runtime
>>> Running CTest
[INFO] Test timeout limit: 30s (kill-after 5s)
Internal ctest changing into directory: /workspace/proj_20260913_181310/build
Test project /workspace/proj_20260913_181310/build
    Start 1: breakout_test
1/1 Test #1: breakout_test ....................   Passed    0.00 sec

100% tests passed, 0 tests failed out of 1

Total Test time (real) =   0.00 sec
>>> Packaging C++ runnable binary
>>> C++ packaged artifact:
-rwxr-xr-x 1 root root 24312 Sep 13 18:13 /workspace/proj_20260913_181310/DTResults/artifacts/proj_20260913_181310
>>> Running packaged artifact smart runtime check (5s)
[INFO] Runtime command: '/workspace/proj_20260913_181310/DTResults/artifacts/proj_20260913_181310'
[INFO] Runtime output is captured in: /workspace/proj_20260913_181310/DTResults/runtime/cpp.log
[INFO] Runtime thresholds: max_bytes=262144, max_lines=200, max_same_line=30, max_consecutive_same_line=10, cpu_busy_check=1
[INFO] Packaged artifact exited normally during runtime check.
[INFO] Runtime log sample follows: /workspace/proj_20260913_181310/DTResults/runtime/cpp.log
----- BEGIN runtime log tail (40 lines) -----
Score: 0
Lives: 3
Remaining bricks: 50
----- END runtime log tail -----
[RUNTIME_STATUS] {"phase":"runtime_check","status":"success","reason":"normal_exit","exit_code":0,"output_bytes":39,"output_lines":3,"max_same_line":1,"max_consecutive_same_line":1,"cpu_busy_samples":0}
[INFO] Evaluation, packaging, and smart runtime check finished successfully.
[INFO] Packaged artifacts are stored in: /workspace/proj_20260913_181310/DTResults/artifacts
>>> Cleanup possible leftover processes in container
[INFO] No leftover project-scoped processes found.
>>> Copy evaluation results back to host

===== DONE =====
Artifacts in: /home/zhaorz/project/CodeWM/CodeWM_ProWES_Logits/reproduct/units/p05_brick_breaker_game/cpp/replays/0001_seed_1300987923/p05_brick_breaker_game_cpp/p05_brick_breaker_game_cpp/DTResults/out_20260913_181310
Packaged runnable artifacts should be under: /home/zhaorz/project/CodeWM/CodeWM_ProWES_Logits/reproduct/units/p05_brick_breaker_game/cpp/replays/0001_seed_1300987923/p05_brick_breaker_game_cpp/p05_brick_breaker_game_cpp/DTResults/out_20260913_181310/artifacts
Container evaluation log should be under: /home/zhaorz/project/CodeWM/CodeWM_ProWES_Logits/reproduct/units/p05_brick_breaker_game/cpp/replays/0001_seed_1300987923/p05_brick_breaker_game_cpp/p05_brick_breaker_game_cpp/DTResults/out_20260913_181310/evaluation.log
Wrapper log : /home/zhaorz/project/CodeWM/CodeWM_ProWES_Logits/reproduct/units/p05_brick_breaker_game/cpp/replays/0001_seed_1300987923/p05_brick_breaker_game_cpp/p05_brick_breaker_game_cpp/DTResults/out_20260913_181310/host_wrapper_20260913_181310.log
